******************************************************************************
                  TI ARM Linker PC v20.2.7                     
******************************************************************************
>> Linked Fri Oct 20 21:46:57 2023

OUTPUT FILE NAME:   <CAN_Rx.out>
ENTRY POINT SYMBOL: "_c_int00_noargs"  address: 0000138d


MEMORY CONFIGURATION

         name            origin    length      used     unused   attr    fill
----------------------  --------  ---------  --------  --------  ----  --------
  FLASH                 00000000   00040000  00001748  0003e8b8  R  X
  SRAM                  20000000   00008000  00001760  000068a0  RW X


SEGMENT ALLOCATION MAP

run origin  load origin   length   init length attrs members
----------  ----------- ---------- ----------- ----- -------
00000000    00000000    00001748   00001748    r-x
  00000000    00000000    0000026c   0000026c    r-- .intvecs
  0000026c    0000026c    0000136c   0000136c    r-x .text
  000015d8    000015d8    00000130   00000130    r-- .const
  00001708    00001708    00000040   00000040    r-- .cinit
20000000    20000000    00001764   00000000    rw-
  20000000    20000000    0000026c   00000000    rw- .vtable
  2000026c    2000026c    000012e0   00000000    rw- .bss
  20001550    20001550    00000200   00000000    rw- .stack
  20001750    20001750    00000014   00000000    rw- .data


SECTION ALLOCATION MAP

 output                                  attributes/
section   page    origin      length       input sections
--------  ----  ----------  ----------   ----------------
.intvecs   0    00000000    0000026c     
                  00000000    0000026c     tm4c123gh6pm_startup_ccs.obj (.intvecs)

.text      0    0000026c    0000136c     
                  0000026c    000002f4     app.obj (.text)
                  00000560    0000018c     can_rx.obj (.text)
                  000006ec    0000016c     driverlib.lib : gpio.obj (.text:GPIOPadConfigSet)
                  00000858    00000130                   : can.obj (.text:CANMessageSet)
                  00000988    00000118                   : sysctl.obj (.text:SysCtlClockGet)
                  00000aa0    00000116                   : can.obj (.text:CANMessageGet)
                  00000bb6    00000002     --HOLE-- [fill = 0]
                  00000bb8    000000f4                   : sysctl.obj (.text:SysCtlClockSet)
                  00000cac    000000c4                   : eeprom.obj (.text:EEPROMProgram)
                  00000d70    0000009c     rtsv7M4_T_le_v4SPD16_eabi.lib : memcpy_t2.asm.obj (.text)
                  00000e0c    0000007a                                   : memset_t2.asm.obj (.text)
                  00000e86    00000002     --HOLE-- [fill = 0]
                  00000e88    0000006c     driverlib.lib : can.obj (.text:CANBitRateSet)
                  00000ef4    00000068                   : flash.obj (.text:FlashProgram)
                  00000f5c    00000068                   : interrupt.obj (.text:IntEnable)
                  00000fc4    00000068     rtsv7M4_T_le_v4SPD16_eabi.lib : copy_decompress_lzss.c.obj (.text:decompress:lzss:__TI_decompress_lzss)
                  0000102c    0000005c     driverlib.lib : can.obj (.text:_CANIntNumberGet)
                  00001088    00000058                   : gpio.obj (.text:GPIOIntTypeSet)
                  000010e0    00000050                   : sysctl.obj (.text:SysCtlPeripheralReset)
                  00001130    0000004c                   : gpio.obj (.text:GPIOPinConfigure)
                  0000117c    00000044     rtsv7M4_T_le_v4SPD16_eabi.lib : autoinit.c.obj (.text:__TI_auto_init_nobinit_nopinit:__TI_auto_init_nobinit_nopinit)
                  000011c0    00000040     driverlib.lib : can.obj (.text:CANStatusGet)
                  00001200    00000040                   : eeprom.obj (.text:EEPROMInit)
                  00001240    0000003c                   : eeprom.obj (.text:_EEPROMSectorMaskSet)
                  0000127c    0000003a                   : can.obj (.text:CANInit)
                  000012b6    00000002     --HOLE-- [fill = 0]
                  000012b8    00000038                   : sysctl.obj (.text:SysCtlPeripheralReady)
                  000012f0    00000034                   : interrupt.obj (.text:IntRegister)
                  00001324    00000034                   : sysctl.obj (.text:SysCtlPeripheralEnable)
                  00001358    00000034                   : eeprom.obj (.text:_EEPROMSectorMaskClear)
                  0000138c    00000034     rtsv7M4_T_le_v4SPD16_eabi.lib : boot_cortex_m.c.obj (.text:_c_int00_noargs:_c_int00_noargs)
                  000013c0    00000030     driverlib.lib : flash.obj (.text:FlashErase)
                  000013f0    0000002c                   : gpio.obj (.text:GPIODirModeSet)
                  0000141c    0000002a                   : can.obj (.text:_CANDataRegRead)
                  00001446    00000024                   : can.obj (.text:_CANDataRegWrite)
                  0000146a    00000022                   : can.obj (.text:CANIntClear)
                  0000148c    00000020                   : can.obj (.text:CANIntStatus)
                  000014ac    0000001a                   : gpio.obj (.text:GPIOPinTypeGPIOOutput)
                  000014c6    00000018                   : can.obj (.text:CANIntRegister)
                  000014de    00000016                   : gpio.obj (.text:GPIOPinTypeCAN)
                  000014f4    00000016                   : gpio.obj (.text:GPIOPinTypeGPIOInput)
                  0000150a    00000002     --HOLE-- [fill = 0]
                  0000150c    00000014                   : systick.obj (.text:SysTickDisable)
                  00001520    00000014                   : systick.obj (.text:SysTickIntDisable)
                  00001534    00000010                   : interrupt.obj (.text:IntMasterDisable)
                  00001544    00000010                   : interrupt.obj (.text:IntMasterEnable)
                  00001554    00000010                   : eeprom.obj (.text:_EEPROMWaitForDone)
                  00001564    0000000e     rtsv7M4_T_le_v4SPD16_eabi.lib : copy_decompress_none.c.obj (.text:decompress:none:__TI_decompress_none)
                  00001572    0000000c     driverlib.lib : cpu.obj (.text:CPUcpsid)
                  0000157e    0000000c                   : cpu.obj (.text:CPUcpsie)
                  0000158a    0000000c     rtsv7M4_T_le_v4SPD16_eabi.lib : copy_zero_init.c.obj (.text:decompress:ZI:__TI_zero_init)
                  00001596    0000000c     tm4c123gh6pm_startup_ccs.obj (.text)
                  000015a2    0000000a     driverlib.lib : can.obj (.text:CANEnable)
                  000015ac    0000000a     main.obj (.text)
                  000015b6    00000008     driverlib.lib : can.obj (.text:CANIntEnable)
                  000015be    00000006                   : gpio.obj (.text:GPIOPinRead)
                  000015c4    00000006                   : gpio.obj (.text:GPIOPinWrite)
                  000015ca    00000006                   : sysctl.obj (.text:SysCtlDelay)
                  000015d0    00000004     rtsv7M4_T_le_v4SPD16_eabi.lib : pre_init.c.obj (.text:_system_pre_init)
                  000015d4    00000004                                   : exit.c.obj (.text:abort:abort)

.const     0    000015d8    00000130     
                  000015d8    00000090     driverlib.lib : gpio.obj (.const:g_pui32GPIOBaseAddrs)
                  00001668    0000006c                   : sysctl.obj (.const:g_pui32Xtals)
                  000016d4    00000020                   : can.obj (.const:g_ui16CANBitValues)
                  000016f4    00000014                   : interrupt.obj (.const:g_pui32EnRegs)

.cinit     0    00001708    00000040     
                  00001708    0000000c     (__TI_handler_table)
                  00001714    00000004     --HOLE-- [fill = 0]
                  00001718    00000008     (.cinit..bss.load) [load image, compression = zero_init]
                  00001720    00000008     (.cinit..data.load) [load image, compression = lzss]
                  00001728    00000008     (.cinit..vtable.load) [load image, compression = zero_init]
                  00001730    00000018     (__TI_cinit_table)

.init_array 
*          0    00000000    00000000     UNINITIALIZED

.vtable    0    20000000    0000026c     UNINITIALIZED
                  20000000    0000026c     driverlib.lib : interrupt.obj (.vtable)

.bss       0    2000026c    000012e0     UNINITIALIZED
                  2000026c    00000988     (.common:APP2_image)
                  20000bf4    00000938     (.common:APP1_image)
                  2000152c    00000014     (.common:sCANMessage)
                  20001540    00000008     (.common:pui8MsgData)
                  20001548    00000004     (.common:jump)

.data      0    20001750    00000014     UNINITIALIZED
                  20001750    0000000e     can_rx.obj (.data)
                  2000175e    00000002     --HOLE--
                  20001760    00000004     app.obj (.data)

.stack     0    20001550    00000200     UNINITIALIZED
                  20001550    00000004     rtsv7M4_T_le_v4SPD16_eabi.lib : boot_cortex_m.c.obj (.stack)
                  20001554    000001fc     --HOLE--

__llvm_prf_cnts 
*          0    20000000    00000000     UNINITIALIZED

MODULE SUMMARY

       Module                         code   ro data   rw data
       ------                         ----   -------   -------
    .\
       app.obj                        756    0         4836   
       tm4c123gh6pm_startup_ccs.obj   12     620       0      
       main.obj                       10     0         0      
    +--+------------------------------+------+---------+---------+
       Total:                         778    620       4836   
                                                              
    .\CAN_Rx_APP\
       can_rx.obj                     396    0         14     
    +--+------------------------------+------+---------+---------+
       Total:                         396    0         14     
                                                              
    C:/ti/TivaWare_C_Series-2.2.0.295/driverlib/ccs/Debug/driverlib.lib
       can.obj                        1090   32        0      
       interrupt.obj                  188    20        620    
       sysctl.obj                     718    108       0      
       gpio.obj                       654    144       0      
       eeprom.obj                     388    0         0      
       flash.obj                      152    0         0      
       systick.obj                    40     0         0      
       cpu.obj                        24     0         0      
    +--+------------------------------+------+---------+---------+
       Total:                         3254   304       620    
                                                              
    C:\ti\ccs1210\ccs\tools\compiler\ti-cgt-arm_20.2.7.LTS\lib\rtsv7M4_T_le_v4SPD16_eabi.lib
       memcpy_t2.asm.obj              156    0         0      
       memset_t2.asm.obj              122    0         0      
       copy_decompress_lzss.c.obj     104    0         0      
       autoinit.c.obj                 68     0         0      
       boot_cortex_m.c.obj            52     0         0      
       copy_decompress_none.c.obj     14     0         0      
       copy_zero_init.c.obj           12     0         0      
       exit.c.obj                     4      0         0      
       pre_init.c.obj                 4      0         0      
    +--+------------------------------+------+---------+---------+
       Total:                         536    0         0      
                                                              
       Stack:                         0      0         512    
       Linker Generated:              0      60        0      
    +--+------------------------------+------+---------+---------+
       Grand Total:                   4964   984       5982   


LINKER GENERATED COPY TABLES

__TI_cinit_table @ 00001730 records: 3, size/record: 8, table size: 24
	.bss: load addr=00001718, load size=00000008 bytes, run addr=2000026c, run size=000012e0 bytes, compression=zero_init
	.data: load addr=00001720, load size=00000008 bytes, run addr=20001750, run size=00000014 bytes, compression=lzss
	.vtable: load addr=00001728, load size=00000008 bytes, run addr=20000000, run size=0000026c bytes, compression=zero_init


LINKER GENERATED HANDLER TABLE

__TI_handler_table @ 00001708 records: 3, size/record: 4, table size: 12
	index: 0, handler: __TI_zero_init
	index: 1, handler: __TI_decompress_lzss
	index: 2, handler: __TI_decompress_none


GLOBAL SYMBOLS: SORTED ALPHABETICALLY BY Name 

address   name                          
-------   ----                          
20000bf4  APP1_image                    
2000026c  APP2_image                    
000015d5  C$$EXIT                       
00000e89  CANBitRateSet                 
000015a3  CANEnable                     
0000127d  CANInit                       
0000146b  CANIntClear                   
000015b7  CANIntEnable                  
00000655  CANIntHandler                 
000014c7  CANIntRegister                
0000148d  CANIntStatus                  
00000aa1  CANMessageGet                 
00000859  CANMessageSet                 
000011c1  CANStatusGet                  
0000044b  CAN_receiveFirmware1          
000004b1  CAN_receiveFirmware2          
00001573  CPUcpsid                      
0000157f  CPUcpsie                      
00000601  Can_Init                      
00001201  EEPROMInit                    
00000cad  EEPROMProgram                 
000013c1  FlashErase                    
00000ef5  FlashProgram                  
000013f1  GPIODirModeSet                
00001089  GPIOIntTypeSet                
000006ed  GPIOPadConfigSet              
00001131  GPIOPinConfigure              
000015bf  GPIOPinRead                   
000014df  GPIOPinTypeCAN                
000014f5  GPIOPinTypeGPIOInput          
000014ad  GPIOPinTypeGPIOOutput         
000015c5  GPIOPinWrite                  
00000f5d  IntEnable                     
00001535  IntMasterDisable              
00001545  IntMasterEnable               
000012f1  IntRegister                   
00001597  ResetISR                      
00000401  Switch_app                    
00000989  SysCtlClockGet                
00000bb9  SysCtlClockSet                
000015cb  SysCtlDelay                   
00001325  SysCtlPeripheralEnable        
000012b9  SysCtlPeripheralReady         
000010e1  SysCtlPeripheralReset         
0000150d  SysTickDisable                
00001521  SysTickIntDisable             
20001750  __STACK_END                   
00000200  __STACK_SIZE                  
20001750  __STACK_TOP                   
00001730  __TI_CINIT_Base               
00001748  __TI_CINIT_Limit              
00001708  __TI_Handler_Table_Base       
00001714  __TI_Handler_Table_Limit      
0000117d  __TI_auto_init_nobinit_nopinit
00000fc5  __TI_decompress_lzss          
00001565  __TI_decompress_none          
ffffffff  __TI_pprof_out_hndl           
ffffffff  __TI_prof_data_size           
ffffffff  __TI_prof_data_start          
00000000  __TI_static_base__            
0000158b  __TI_zero_init                
00000e0d  __aeabi_memclr                
00000e0d  __aeabi_memclr4               
00000e0d  __aeabi_memclr8               
00000d71  __aeabi_memcpy                
00000d71  __aeabi_memcpy4               
00000d71  __aeabi_memcpy8               
00000e0f  __aeabi_memset                
00000e0f  __aeabi_memset4               
00000e0f  __aeabi_memset8               
ffffffff  __binit__                     
ffffffff  __c_args__                    
UNDEFED   __mpu_init                    
20001550  __stack                       
20000000  __start___llvm_prf_cnts       
20000000  __stop___llvm_prf_cnts        
0000138d  _c_int00_noargs               
UNDEFED   _system_post_cinit            
000015d1  _system_pre_init              
000015d5  abort                         
ffffffff  binit                         
0000026d  delay                         
2000175d  g_bErrFlag                    
2000175c  g_bRXFlag                     
20000000  g_pfnRAMVectors               
00000000  g_pfnVectors                  
20001758  g_ui32MsgCount                
000003a3  install_image                 
20001548  jump                          
000015ad  main                          
00000d71  memcpy                        
00000e15  memset                        
20001760  ptr                           
20001750  pui32Data                     
20001754  pui32Read                     
20001540  pui8MsgData                   
2000152c  sCANMessage                   
000002c7  start_receive                 
00000561  sw_init                       
000005a3  system_init                   


GLOBAL SYMBOLS: SORTED BY Symbol Address 

address   name                          
-------   ----                          
00000000  __TI_static_base__            
00000000  g_pfnVectors                  
00000200  __STACK_SIZE                  
0000026d  delay                         
000002c7  start_receive                 
000003a3  install_image                 
00000401  Switch_app                    
0000044b  CAN_receiveFirmware1          
000004b1  CAN_receiveFirmware2          
00000561  sw_init                       
000005a3  system_init                   
00000601  Can_Init                      
00000655  CANIntHandler                 
000006ed  GPIOPadConfigSet              
00000859  CANMessageSet                 
00000989  SysCtlClockGet                
00000aa1  CANMessageGet                 
00000bb9  SysCtlClockSet                
00000cad  EEPROMProgram                 
00000d71  __aeabi_memcpy                
00000d71  __aeabi_memcpy4               
00000d71  __aeabi_memcpy8               
00000d71  memcpy                        
00000e0d  __aeabi_memclr                
00000e0d  __aeabi_memclr4               
00000e0d  __aeabi_memclr8               
00000e0f  __aeabi_memset                
00000e0f  __aeabi_memset4               
00000e0f  __aeabi_memset8               
00000e15  memset                        
00000e89  CANBitRateSet                 
00000ef5  FlashProgram                  
00000f5d  IntEnable                     
00000fc5  __TI_decompress_lzss          
00001089  GPIOIntTypeSet                
000010e1  SysCtlPeripheralReset         
00001131  GPIOPinConfigure              
0000117d  __TI_auto_init_nobinit_nopinit
000011c1  CANStatusGet                  
00001201  EEPROMInit                    
0000127d  CANInit                       
000012b9  SysCtlPeripheralReady         
000012f1  IntRegister                   
00001325  SysCtlPeripheralEnable        
0000138d  _c_int00_noargs               
000013c1  FlashErase                    
000013f1  GPIODirModeSet                
0000146b  CANIntClear                   
0000148d  CANIntStatus                  
000014ad  GPIOPinTypeGPIOOutput         
000014c7  CANIntRegister                
000014df  GPIOPinTypeCAN                
000014f5  GPIOPinTypeGPIOInput          
0000150d  SysTickDisable                
00001521  SysTickIntDisable             
00001535  IntMasterDisable              
00001545  IntMasterEnable               
00001565  __TI_decompress_none          
00001573  CPUcpsid                      
0000157f  CPUcpsie                      
0000158b  __TI_zero_init                
00001597  ResetISR                      
000015a3  CANEnable                     
000015ad  main                          
000015b7  CANIntEnable                  
000015bf  GPIOPinRead                   
000015c5  GPIOPinWrite                  
000015cb  SysCtlDelay                   
000015d1  _system_pre_init              
000015d5  C$$EXIT                       
000015d5  abort                         
00001708  __TI_Handler_Table_Base       
00001714  __TI_Handler_Table_Limit      
00001730  __TI_CINIT_Base               
00001748  __TI_CINIT_Limit              
20000000  __start___llvm_prf_cnts       
20000000  __stop___llvm_prf_cnts        
20000000  g_pfnRAMVectors               
2000026c  APP2_image                    
20000bf4  APP1_image                    
2000152c  sCANMessage                   
20001540  pui8MsgData                   
20001548  jump                          
20001550  __stack                       
20001750  __STACK_END                   
20001750  __STACK_TOP                   
20001750  pui32Data                     
20001754  pui32Read                     
20001758  g_ui32MsgCount                
2000175c  g_bRXFlag                     
2000175d  g_bErrFlag                    
20001760  ptr                           
ffffffff  __TI_pprof_out_hndl           
ffffffff  __TI_prof_data_size           
ffffffff  __TI_prof_data_start          
ffffffff  __binit__                     
ffffffff  __c_args__                    
ffffffff  binit                         
UNDEFED   __mpu_init                    
UNDEFED   _system_post_cinit            

[100 symbols]
