******************************************************************************
                  TI ARM Linker PC v20.2.7                     
******************************************************************************
>> Linked Sat Sep 23 13:09:29 2023

OUTPUT FILE NAME:   <simple_bootloader.out>
ENTRY POINT SYMBOL: "_c_int00_noargs"  address: 00000a21


MEMORY CONFIGURATION

         name            origin    length      used     unused   attr    fill
----------------------  --------  ---------  --------  --------  ----  --------
  FLASH                 00000000   00040000  00000f0c  0003f0f4  R  X
  SRAM                  20000000   00008000  00000210  00007df0  RW X


SEGMENT ALLOCATION MAP

run origin  load origin   length   init length attrs members
----------  ----------- ---------- ----------- ----- -------
00000000    00000000    00000f10   00000f10    r-x
  00000000    00000000    0000026c   0000026c    r-- .intvecs
  0000026c    0000026c    000008e4   000008e4    r-x .text
  00000b50    00000b50    0000038c   0000038c    r-- .const
  00000ee0    00000ee0    00000030   00000030    r-- .cinit
20000000    20000000    00000210   00000000    rw-
  20000000    20000000    00000200   00000000    rw- .stack
  20000200    20000200    0000000c   00000000    rw- .data
  2000020c    2000020c    00000004   00000000    rw- .bss


SECTION ALLOCATION MAP

 output                                  attributes/
section   page    origin      length       input sections
--------  ----  ----------  ----------   ----------------
.intvecs   0    00000000    0000026c     
                  00000000    0000026c     tm4c123gh6pm_startup_ccs.obj (.intvecs)

.text      0    0000026c    000008e4     
                  0000026c    0000016c     driverlib.lib : gpio.obj (.text:GPIOPadConfigSet)
                  000003d8    0000013c     main.obj (.text)
                  00000514    000000f4     driverlib.lib : sysctl.obj (.text:SysCtlClockSet)
                  00000608    000000c4                   : eeprom.obj (.text:EEPROMProgram)
                  000006cc    0000009c     rtsv7M4_T_le_v4SPD16_eabi.lib : memcpy_t2.asm.obj (.text)
                  00000768    00000068     driverlib.lib : flash.obj (.text:FlashProgram)
                  000007d0    00000068     rtsv7M4_T_le_v4SPD16_eabi.lib : copy_decompress_lzss.c.obj (.text:decompress:lzss:__TI_decompress_lzss)
                  00000838    00000050     driverlib.lib : sysctl.obj (.text:SysCtlPeripheralReset)
                  00000888    00000044     rtsv7M4_T_le_v4SPD16_eabi.lib : autoinit.c.obj (.text:__TI_auto_init_nobinit_nopinit:__TI_auto_init_nobinit_nopinit)
                  000008cc    00000040     driverlib.lib : eeprom.obj (.text:EEPROMInit)
                  0000090c    0000003c                   : eeprom.obj (.text:_EEPROMSectorMaskSet)
                  00000948    00000038                   : eeprom.obj (.text:EEPROMRead)
                  00000980    00000038                   : sysctl.obj (.text:SysCtlPeripheralReady)
                  000009b8    00000034                   : sysctl.obj (.text:SysCtlPeripheralEnable)
                  000009ec    00000034                   : eeprom.obj (.text:_EEPROMSectorMaskClear)
                  00000a20    00000034     rtsv7M4_T_le_v4SPD16_eabi.lib : boot_cortex_m.c.obj (.text:_c_int00_noargs:_c_int00_noargs)
                  00000a54    00000030     driverlib.lib : flash.obj (.text:FlashErase)
                  00000a84    0000002c                   : gpio.obj (.text:GPIODirModeSet)
                  00000ab0    0000001c     rtsv7M4_T_le_v4SPD16_eabi.lib : copy_zero_init.c.obj (.text:decompress:ZI:__TI_zero_init_nomemset:__TI_zero_init_nomemset)
                  00000acc    0000001a     driverlib.lib : gpio.obj (.text:GPIOPinTypeGPIOOutput)
                  00000ae6    00000016                   : gpio.obj (.text:GPIOPinTypeGPIOInput)
                  00000afc    00000010                   : sysctl.obj (.text:SysCtlReset)
                  00000b0c    00000010                   : eeprom.obj (.text:_EEPROMWaitForDone)
                  00000b1c    0000000e     rtsv7M4_T_le_v4SPD16_eabi.lib : copy_decompress_none.c.obj (.text:decompress:none:__TI_decompress_none)
                  00000b2a    0000000c     tm4c123gh6pm_startup_ccs.obj (.text)
                  00000b36    00000006     driverlib.lib : gpio.obj (.text:GPIOPinRead)
                  00000b3c    00000006                   : gpio.obj (.text:GPIOPinWrite)
                  00000b42    00000006                   : sysctl.obj (.text:SysCtlDelay)
                  00000b48    00000004     rtsv7M4_T_le_v4SPD16_eabi.lib : pre_init.c.obj (.text:_system_pre_init)
                  00000b4c    00000004                                   : exit.c.obj (.text:abort:abort)

.const     0    00000b50    0000038c     
                  00000b50    0000038c     main.obj (.const:.string:new_image)

.cinit     0    00000ee0    00000030     
                  00000ee0    0000000c     (.cinit..data.load) [load image, compression = lzss]
                  00000eec    0000000c     (__TI_handler_table)
                  00000ef8    00000008     (.cinit..bss.load) [load image, compression = zero_init]
                  00000f00    00000010     (__TI_cinit_table)

.init_array 
*          0    00000000    00000000     UNINITIALIZED

.data      0    20000200    0000000c     UNINITIALIZED
                  20000200    0000000c     main.obj (.data)

.bss       0    2000020c    00000004     UNINITIALIZED
                  2000020c    00000004     (.common:jump)

.stack     0    20000000    00000200     UNINITIALIZED
                  20000000    00000004     rtsv7M4_T_le_v4SPD16_eabi.lib : boot_cortex_m.c.obj (.stack)
                  20000004    000001fc     --HOLE--

__llvm_prf_cnts 
*          0    20000000    00000000     UNINITIALIZED

MODULE SUMMARY

       Module                         code   ro data   rw data
       ------                         ----   -------   -------
    .\
       main.obj                       316    908       16     
       tm4c123gh6pm_startup_ccs.obj   12     620       0      
    +--+------------------------------+------+---------+---------+
       Total:                         328    1528      16     
                                                              
    C:/ti/TivaWare_C_Series-2.2.0.295/driverlib/ccs/Debug/driverlib.lib
       gpio.obj                       468    0         0      
       sysctl.obj                     454    0         0      
       eeprom.obj                     444    0         0      
       flash.obj                      152    0         0      
    +--+------------------------------+------+---------+---------+
       Total:                         1518   0         0      
                                                              
    D:\ccs\tools\compiler\ti-cgt-arm_20.2.7.LTS\lib\rtsv7M4_T_le_v4SPD16_eabi.lib
       memcpy_t2.asm.obj              156    0         0      
       copy_decompress_lzss.c.obj     104    0         0      
       autoinit.c.obj                 68     0         0      
       boot_cortex_m.c.obj            52     0         0      
       copy_zero_init.c.obj           28     0         0      
       copy_decompress_none.c.obj     14     0         0      
       exit.c.obj                     4      0         0      
       pre_init.c.obj                 4      0         0      
    +--+------------------------------+------+---------+---------+
       Total:                         430    0         0      
                                                              
       Stack:                         0      0         512    
       Linker Generated:              0      48        0      
    +--+------------------------------+------+---------+---------+
       Grand Total:                   2276   1576      528    


LINKER GENERATED COPY TABLES

__TI_cinit_table @ 00000f00 records: 2, size/record: 8, table size: 16
	.data: load addr=00000ee0, load size=0000000c bytes, run addr=20000200, run size=0000000c bytes, compression=lzss
	.bss: load addr=00000ef8, load size=00000008 bytes, run addr=2000020c, run size=00000004 bytes, compression=zero_init


LINKER GENERATED HANDLER TABLE

__TI_handler_table @ 00000eec records: 3, size/record: 4, table size: 12
	index: 0, handler: __TI_decompress_lzss
	index: 1, handler: __TI_decompress_none
	index: 2, handler: __TI_zero_init


GLOBAL SYMBOLS: SORTED ALPHABETICALLY BY Name 

address   name                          
-------   ----                          
00000b4d  C$$EXIT                       
000008cd  EEPROMInit                    
00000609  EEPROMProgram                 
00000949  EEPROMRead                    
00000a55  FlashErase                    
00000769  FlashProgram                  
00000a85  GPIODirModeSet                
0000026d  GPIOPadConfigSet              
00000b37  GPIOPinRead                   
00000ae7  GPIOPinTypeGPIOInput          
00000acd  GPIOPinTypeGPIOOutput         
00000b3d  GPIOPinWrite                  
00000b2b  ResetISR                      
00000515  SysCtlClockSet                
00000b43  SysCtlDelay                   
000009b9  SysCtlPeripheralEnable        
00000981  SysCtlPeripheralReady         
00000839  SysCtlPeripheralReset         
00000afd  SysCtlReset                   
20000200  __STACK_END                   
00000200  __STACK_SIZE                  
20000200  __STACK_TOP                   
00000f00  __TI_CINIT_Base               
00000f10  __TI_CINIT_Limit              
00000eec  __TI_Handler_Table_Base       
00000ef8  __TI_Handler_Table_Limit      
00000889  __TI_auto_init_nobinit_nopinit
000007d1  __TI_decompress_lzss          
00000b1d  __TI_decompress_none          
ffffffff  __TI_pprof_out_hndl           
ffffffff  __TI_prof_data_size           
ffffffff  __TI_prof_data_start          
00000000  __TI_static_base__            
00000ab1  __TI_zero_init_nomemset       
000006cd  __aeabi_memcpy                
000006cd  __aeabi_memcpy4               
000006cd  __aeabi_memcpy8               
ffffffff  __binit__                     
ffffffff  __c_args__                    
UNDEFED   __mpu_init                    
20000000  __stack                       
20000000  __start___llvm_prf_cnts       
20000000  __stop___llvm_prf_cnts        
00000a21  _c_int00_noargs               
UNDEFED   _system_post_cinit            
00000b49  _system_pre_init              
00000b4d  abort                         
ffffffff  binit                         
00000000  g_pfnVectors                  
2000020c  jump                          
000003d9  main                          
000006cd  memcpy                        
00000b50  new_image                     
20000200  ptr                           
20000204  pui32Data                     
20000208  pui32Read                     


GLOBAL SYMBOLS: SORTED BY Symbol Address 

address   name                          
-------   ----                          
00000000  __TI_static_base__            
00000000  g_pfnVectors                  
00000200  __STACK_SIZE                  
0000026d  GPIOPadConfigSet              
000003d9  main                          
00000515  SysCtlClockSet                
00000609  EEPROMProgram                 
000006cd  __aeabi_memcpy                
000006cd  __aeabi_memcpy4               
000006cd  __aeabi_memcpy8               
000006cd  memcpy                        
00000769  FlashProgram                  
000007d1  __TI_decompress_lzss          
00000839  SysCtlPeripheralReset         
00000889  __TI_auto_init_nobinit_nopinit
000008cd  EEPROMInit                    
00000949  EEPROMRead                    
00000981  SysCtlPeripheralReady         
000009b9  SysCtlPeripheralEnable        
00000a21  _c_int00_noargs               
00000a55  FlashErase                    
00000a85  GPIODirModeSet                
00000ab1  __TI_zero_init_nomemset       
00000acd  GPIOPinTypeGPIOOutput         
00000ae7  GPIOPinTypeGPIOInput          
00000afd  SysCtlReset                   
00000b1d  __TI_decompress_none          
00000b2b  ResetISR                      
00000b37  GPIOPinRead                   
00000b3d  GPIOPinWrite                  
00000b43  SysCtlDelay                   
00000b49  _system_pre_init              
00000b4d  C$$EXIT                       
00000b4d  abort                         
00000b50  new_image                     
00000eec  __TI_Handler_Table_Base       
00000ef8  __TI_Handler_Table_Limit      
00000f00  __TI_CINIT_Base               
00000f10  __TI_CINIT_Limit              
20000000  __stack                       
20000000  __start___llvm_prf_cnts       
20000000  __stop___llvm_prf_cnts        
20000200  __STACK_END                   
20000200  __STACK_TOP                   
20000200  ptr                           
20000204  pui32Data                     
20000208  pui32Read                     
2000020c  jump                          
ffffffff  __TI_pprof_out_hndl           
ffffffff  __TI_prof_data_size           
ffffffff  __TI_prof_data_start          
ffffffff  __binit__                     
ffffffff  __c_args__                    
ffffffff  binit                         
UNDEFED   __mpu_init                    
UNDEFED   _system_post_cinit            

[56 symbols]
