******************************************************************************
                  TI ARM Linker PC v16.9.4                     
******************************************************************************
>> Linked Sat Sep 09 16:05:28 2023

OUTPUT FILE NAME:   <car_project.out>
ENTRY POINT SYMBOL: "_c_int00"  address: 00000c7d


MEMORY CONFIGURATION

         name            origin    length      used     unused   attr    fill
----------------------  --------  ---------  --------  --------  ----  --------
  FLASH                 00000000   00040000  00001280  0003ed80  R  X
  SRAM                  20000000   00008000  00000499  00007b67  RW X


SEGMENT ALLOCATION MAP

run origin  load origin   length   init length attrs members
----------  ----------- ---------- ----------- ----- -------
00000000    00000000    00001280   00001280    r-x
  00000000    00000000    0000026c   0000026c    r-- .intvecs
  0000026c    0000026c    00000e88   00000e88    r-x .text
  000010f4    000010f4    00000144   00000144    r-- .const
  00001238    00001238    00000048   00000048    r-- .cinit
20000000    20000000    0000049c   00000000    rw-
  20000000    20000000    0000026c   00000000    rw- .vtable
  2000026c    2000026c    00000200   00000000    rw- .stack
  2000046c    2000046c    00000025   00000000    rw- .data
  20000494    20000494    00000008   00000000    rw- .bss


SECTION ALLOCATION MAP

 output                                  attributes/
section   page    origin      length       input sections
--------  ----  ----------  ----------   ----------------
.intvecs   0    00000000    0000026c     
                  00000000    0000026c     tm4c123gh6pm_startup_ccs.obj (.intvecs)

.text      0    0000026c    00000e88     
                  0000026c    0000019c     car.obj (.text)
                  00000408    00000178     ULTRASONIC.obj (.text)
                  00000580    0000016c     driverlib.lib : gpio.obj (.text:GPIOPadConfigSet)
                  000006ec    000000f4     LDR.obj (.text)
                  000007e0    000000c0     main.obj (.text)
                  000008a0    000000ac     PWM2.obj (.text)
                  0000094c    0000009c     rtsv7M4_T_le_v4SPD16_eabi.lib : memcpy_t2.obj (.text)
                  000009e8    0000007a     driverlib.lib : adc.obj (.text:ADCSequenceStepConfigure)
                  00000a62    0000007a     rtsv7M4_T_le_v4SPD16_eabi.lib : memset_t2.obj (.text)
                  00000adc    00000070                                   : autoinit.obj (.text)
                  00000b4c    00000068     driverlib.lib : interrupt.obj (.text:IntEnable)
                  00000bb4    00000068     rtsv7M4_T_le_v4SPD16_eabi.lib : copy_decompress_lzss.obj (.text:decompress:lzss)
                  00000c1c    00000060     driverlib.lib : timer.obj (.text:TimerConfigure)
                  00000c7c    00000054     rtsv7M4_T_le_v4SPD16_eabi.lib : boot.obj (.text)
                  00000cd0    00000054                                   : exit.obj (.text)
                  00000d24    0000004e     driverlib.lib : adc.obj (.text:ADCSequenceConfigure)
                  00000d72    00000002     rtsv7M4_T_le_v4SPD16_eabi.lib : mpu_init.obj (.text)
                  00000d74    0000004c     driverlib.lib : gpio.obj (.text:GPIOPinConfigure)
                  00000dc0    0000004c                   : timer.obj (.text:_TimerIntNumberGet)
                  00000e0c    0000004c     rtsv7M4_T_le_v4SPD16_eabi.lib : cpy_tbl.obj (.text)
                  00000e58    00000038     driverlib.lib : sysctl.obj (.text:SysCtlPeripheralReady)
                  00000e90    00000034                   : interrupt.obj (.text:IntRegister)
                  00000ec4    00000034                   : sysctl.obj (.text:SysCtlPeripheralEnable)
                  00000ef8    0000002c                   : gpio.obj (.text:GPIODirModeSet)
                  00000f24    00000022                   : pwm.obj (.text:PWMGenConfigure)
                  00000f46    0000001e                   : adc.obj (.text:ADCSequenceDataGet)
                  00000f64    0000001e                   : pwm.obj (.text:PWMPulseWidthSet)
                  00000f82    0000001a                   : gpio.obj (.text:GPIOPinTypeGPIOOutput)
                  00000f9c    00000018                   : adc.obj (.text:ADCProcessorTrigger)
                  00000fb4    00000018                   : timer.obj (.text:TimerIntRegister)
                  00000fcc    00000018     rtsv7M4_T_le_v4SPD16_eabi.lib : args_main.obj (.text)
                  00000fe4    00000016     driverlib.lib : gpio.obj (.text:GPIOPinTypeADC)
                  00000ffa    00000016                   : gpio.obj (.text:GPIOPinTypePWM)
                  00001010    00000016                   : gpio.obj (.text:GPIOPinTypeTimer)
                  00001026    00000016                   : timer.obj (.text:TimerControlEvent)
                  0000103c    00000014     rtsv7M4_T_le_v4SPD16_eabi.lib : _lock.obj (.text)
                  00001050    00000012     driverlib.lib : pwm.obj (.text:PWMOutputState)
                  00001062    00000010                   : pwm.obj (.text:PWMGenPeriodSet)
                  00001072    0000000e                   : adc.obj (.text:ADCSequenceEnable)
                  00001080    0000000e                   : timer.obj (.text:TimerEnable)
                  0000108e    0000000e     rtsv7M4_T_le_v4SPD16_eabi.lib : copy_decompress_none.obj (.text:decompress:none)
                  0000109c    0000000c     driverlib.lib : pwm.obj (.text:PWMGenDisable)
                  000010a8    0000000c                   : pwm.obj (.text:PWMGenEnable)
                  000010b4    0000000c     rtsv7M4_T_le_v4SPD16_eabi.lib : copy_zero_init.obj (.text:decompress:ZI)
                  000010c0    0000000c     tm4c123gh6pm_startup_ccs.obj (.text)
                  000010cc    0000000a     driverlib.lib : timer.obj (.text:TimerValueGet)
                  000010d6    00000008                   : timer.obj (.text:TimerIntEnable)
                  000010de    00000006                   : gpio.obj (.text:GPIOPinWrite)
                  000010e4    00000006                   : sysctl.obj (.text:SysCtlDelay)
                  000010ea    00000004                   : timer.obj (.text:TimerIntClear)
                  000010ee    00000004     rtsv7M4_T_le_v4SPD16_eabi.lib : pre_init.obj (.text)
                  000010f2    00000002                                   : startup.obj (.text)

.const     0    000010f4    00000144     
                  000010f4    00000090     driverlib.lib : gpio.obj (.const:g_pui32GPIOBaseAddrs)
                  00001184    00000060                   : timer.obj (.const:g_ppui32TimerIntMap)
                  000011e4    00000040                   : timer.obj (.const:g_ppui32TimerIntMapSnowflake)
                  00001224    00000014                   : interrupt.obj (.const:g_pui32EnRegs)

.cinit     0    00001238    00000048     
                  00001238    00000013     (.cinit..data.load) [load image, compression = lzss]
                  0000124b    00000001     --HOLE-- [fill = 0]
                  0000124c    0000000c     (__TI_handler_table)
                  00001258    00000008     (.cinit..bss.load) [load image, compression = zero_init]
                  00001260    00000008     (.cinit..vtable.load) [load image, compression = zero_init]
                  00001268    00000018     (__TI_cinit_table)

.init_array 
*          0    00000000    00000000     UNINITIALIZED

.vtable    0    20000000    0000026c     UNINITIALIZED
                  20000000    0000026c     driverlib.lib : interrupt.obj (.vtable)

.stack     0    2000026c    00000200     UNINITIALIZED
                  2000026c    00000200     --HOLE--

.data      0    2000046c    00000025     UNINITIALIZED
                  2000046c    0000000c     rtsv7M4_T_le_v4SPD16_eabi.lib : exit.obj (.data:$O1$$)
                  20000478    0000000c     LDR.obj (.data)
                  20000484    00000008     rtsv7M4_T_le_v4SPD16_eabi.lib : _lock.obj (.data:$O1$$)
                  2000048c    00000004                                   : stkdepth_vars.obj (.data)
                  20000490    00000001     ULTRASONIC.obj (.data)

.bss       0    20000494    00000008     UNINITIALIZED
                  20000494    00000004     (.common:t1)
                  20000498    00000004     (.common:t2)

MODULE SUMMARY

       Module                         code   ro data   rw data
       ------                         ----   -------   -------
    .\
       tm4c123gh6pm_startup_ccs.obj   12     620       0      
       main.obj                       192    0         0      
    +--+------------------------------+------+---------+---------+
       Total:                         204    620       0      
                                                              
    .\HAL\
       car.obj                        412    0         0      
       LDR.obj                        244    0         12     
       PWM2.obj                       172    0         0      
    +--+------------------------------+------+---------+---------+
       Total:                         828    0         12     
                                                              
    .\HAL\ULTRASONIC\
       ULTRASONIC.obj                 376    0         9      
    +--+------------------------------+------+---------+---------+
       Total:                         376    0         9      
                                                              
    C:/ti/TivaWare_C_Series-2.2.0.295/driverlib/ccs/Debug/driverlib.lib
       interrupt.obj                  156    20        620    
       gpio.obj                       582    144       0      
       timer.obj                      254    160       0      
       adc.obj                        268    0         0      
       pwm.obj                        122    0         0      
       sysctl.obj                     114    0         0      
    +--+------------------------------+------+---------+---------+
       Total:                         1496   324       620    
                                                              
    C:\ti\ccsv7\tools\compiler\ti-cgt-arm_16.9.4.LTS\lib\rtsv7M4_T_le_v4SPD16_eabi.lib
       memcpy_t2.obj                  156    0         0      
       memset_t2.obj                  122    0         0      
       autoinit.obj                   112    0         0      
       copy_decompress_lzss.obj       104    0         0      
       exit.obj                       84     0         12     
       boot.obj                       84     0         0      
       cpy_tbl.obj                    76     0         0      
       _lock.obj                      20     0         8      
       args_main.obj                  24     0         0      
       copy_decompress_none.obj       14     0         0      
       copy_zero_init.obj             12     0         0      
       pre_init.obj                   4      0         0      
       stkdepth_vars.obj              0      0         4      
       mpu_init.obj                   2      0         0      
       startup.obj                    2      0         0      
    +--+------------------------------+------+---------+---------+
       Total:                         816    0         24     
                                                              
       Stack:                         0      0         512    
       Linker Generated:              0      71        0      
    +--+------------------------------+------+---------+---------+
       Grand Total:                   3720   1015      1177   


LINKER GENERATED COPY TABLES

__TI_cinit_table @ 00001268 records: 3, size/record: 8, table size: 24
	.data: load addr=00001238, load size=00000013 bytes, run addr=2000046c, run size=00000025 bytes, compression=lzss
	.bss: load addr=00001258, load size=00000008 bytes, run addr=20000494, run size=00000008 bytes, compression=zero_init
	.vtable: load addr=00001260, load size=00000008 bytes, run addr=20000000, run size=0000026c bytes, compression=zero_init


LINKER GENERATED HANDLER TABLE

__TI_handler_table @ 0000124c records: 3, size/record: 4, table size: 12
	index: 0, handler: __TI_zero_init
	index: 1, handler: __TI_decompress_lzss
	index: 2, handler: __TI_decompress_none


GLOBAL SYMBOLS: SORTED ALPHABETICALLY BY Name 

address   name                           
-------   ----                           
00000f9d  ADCProcessorTrigger            
00000d25  ADCSequenceConfigure           
00000f47  ADCSequenceDataGet             
00001073  ADCSequenceEnable              
000009e9  ADCSequenceStepConfigure       
00000cd1  C$$EXIT                        
00000ef9  GPIODirModeSet                 
00000581  GPIOPadConfigSet               
00000d75  GPIOPinConfigure               
00000fe5  GPIOPinTypeADC                 
00000f83  GPIOPinTypeGPIOOutput          
00000ffb  GPIOPinTypePWM                 
00001011  GPIOPinTypeTimer               
000010df  GPIOPinWrite                   
00000b4d  IntEnable                      
00000e91  IntRegister                    
00000769  LDR_RUNNABLE                   
000006ed  LDR_init                       
00000f25  PWMGenConfigure                
0000109d  PWMGenDisable                  
000010a9  PWMGenEnable                   
00001063  PWMGenPeriodSet                
00001051  PWMOutputState                 
00000f65  PWMPulseWidthSet               
000010c1  ResetISR                       
UNDEFED   SHT$$INIT_ARRAY$$Base          
UNDEFED   SHT$$INIT_ARRAY$$Limit         
000010e5  SysCtlDelay                    
00000ec5  SysCtlPeripheralEnable         
00000e59  SysCtlPeripheralReady          
000004ed  TIMER0_Handler                 
00000c1d  TimerConfigure                 
00001027  TimerControlEvent              
00001081  TimerEnable                    
000010eb  TimerIntClear                  
000010d7  TimerIntEnable                 
00000fb5  TimerIntRegister               
000010cd  TimerValueGet                  
00000465  ULTRASONIC_GetDistance         
00000409  ULTRASONIC_init                
00000539  UltraSonic_trigger             
2000046c  __STACK_END                    
00000200  __STACK_SIZE                   
2000046c  __STACK_TOP                    
00001268  __TI_CINIT_Base                
00001280  __TI_CINIT_Limit               
0000124c  __TI_Handler_Table_Base        
00001258  __TI_Handler_Table_Limit       
00000add  __TI_auto_init                 
2000046c  __TI_cleanup_ptr               
00000bb5  __TI_decompress_lzss           
0000108f  __TI_decompress_none           
20000470  __TI_dtors_ptr                 
20000474  __TI_enable_exit_profile_output
ffffffff  __TI_pprof_out_hndl            
ffffffff  __TI_prof_data_size            
ffffffff  __TI_prof_data_start           
00000000  __TI_static_base__             
000010b5  __TI_zero_init                 
00000a63  __aeabi_memclr                 
00000a63  __aeabi_memclr4                
00000a63  __aeabi_memclr8                
0000094d  __aeabi_memcpy                 
0000094d  __aeabi_memcpy4                
0000094d  __aeabi_memcpy8                
00000a65  __aeabi_memset                 
00000a65  __aeabi_memset4                
00000a65  __aeabi_memset8                
ffffffff  __binit__                      
ffffffff  __c_args__                     
00000d73  __mpu_init                     
2000026c  __stack                        
00000fcd  _args_main                     
00000c7d  _c_int00                       
20000484  _lock                          
0000104b  _nop                           
00001043  _register_lock                 
0000103d  _register_unlock               
000010f3  _system_post_cinit             
000010ef  _system_pre_init               
20000488  _unlock                        
00000cd5  abort                          
ffffffff  binit                          
00000e0d  copy_in                        
000007e1  delay                          
20000480  diff                           
0000026d  direction                      
00000cdd  exit                           
20000490  flag                           
20000000  g_pfnRAMVectors                
00000000  g_pfnVectors                   
00000805  main                           
2000048c  main_func_sp                   
0000094d  memcpy                         
00000a6b  memset                         
000008a1  pwm_init                       
000008e5  pwm_speed                      
2000047c  reads0                         
20000478  reads1                         
20000494  t1                             
20000498  t2                             


GLOBAL SYMBOLS: SORTED BY Symbol Address 

address   name                           
-------   ----                           
00000000  __TI_static_base__             
00000000  g_pfnVectors                   
00000200  __STACK_SIZE                   
0000026d  direction                      
00000409  ULTRASONIC_init                
00000465  ULTRASONIC_GetDistance         
000004ed  TIMER0_Handler                 
00000539  UltraSonic_trigger             
00000581  GPIOPadConfigSet               
000006ed  LDR_init                       
00000769  LDR_RUNNABLE                   
000007e1  delay                          
00000805  main                           
000008a1  pwm_init                       
000008e5  pwm_speed                      
0000094d  __aeabi_memcpy                 
0000094d  __aeabi_memcpy4                
0000094d  __aeabi_memcpy8                
0000094d  memcpy                         
000009e9  ADCSequenceStepConfigure       
00000a63  __aeabi_memclr                 
00000a63  __aeabi_memclr4                
00000a63  __aeabi_memclr8                
00000a65  __aeabi_memset                 
00000a65  __aeabi_memset4                
00000a65  __aeabi_memset8                
00000a6b  memset                         
00000add  __TI_auto_init                 
00000b4d  IntEnable                      
00000bb5  __TI_decompress_lzss           
00000c1d  TimerConfigure                 
00000c7d  _c_int00                       
00000cd1  C$$EXIT                        
00000cd5  abort                          
00000cdd  exit                           
00000d25  ADCSequenceConfigure           
00000d73  __mpu_init                     
00000d75  GPIOPinConfigure               
00000e0d  copy_in                        
00000e59  SysCtlPeripheralReady          
00000e91  IntRegister                    
00000ec5  SysCtlPeripheralEnable         
00000ef9  GPIODirModeSet                 
00000f25  PWMGenConfigure                
00000f47  ADCSequenceDataGet             
00000f65  PWMPulseWidthSet               
00000f83  GPIOPinTypeGPIOOutput          
00000f9d  ADCProcessorTrigger            
00000fb5  TimerIntRegister               
00000fcd  _args_main                     
00000fe5  GPIOPinTypeADC                 
00000ffb  GPIOPinTypePWM                 
00001011  GPIOPinTypeTimer               
00001027  TimerControlEvent              
0000103d  _register_unlock               
00001043  _register_lock                 
0000104b  _nop                           
00001051  PWMOutputState                 
00001063  PWMGenPeriodSet                
00001073  ADCSequenceEnable              
00001081  TimerEnable                    
0000108f  __TI_decompress_none           
0000109d  PWMGenDisable                  
000010a9  PWMGenEnable                   
000010b5  __TI_zero_init                 
000010c1  ResetISR                       
000010cd  TimerValueGet                  
000010d7  TimerIntEnable                 
000010df  GPIOPinWrite                   
000010e5  SysCtlDelay                    
000010eb  TimerIntClear                  
000010ef  _system_pre_init               
000010f3  _system_post_cinit             
0000124c  __TI_Handler_Table_Base        
00001258  __TI_Handler_Table_Limit       
00001268  __TI_CINIT_Base                
00001280  __TI_CINIT_Limit               
20000000  g_pfnRAMVectors                
2000026c  __stack                        
2000046c  __STACK_END                    
2000046c  __STACK_TOP                    
2000046c  __TI_cleanup_ptr               
20000470  __TI_dtors_ptr                 
20000474  __TI_enable_exit_profile_output
20000478  reads1                         
2000047c  reads0                         
20000480  diff                           
20000484  _lock                          
20000488  _unlock                        
2000048c  main_func_sp                   
20000490  flag                           
20000494  t1                             
20000498  t2                             
ffffffff  __TI_pprof_out_hndl            
ffffffff  __TI_prof_data_size            
ffffffff  __TI_prof_data_start           
ffffffff  __binit__                      
ffffffff  __c_args__                     
ffffffff  binit                          
UNDEFED   SHT$$INIT_ARRAY$$Base          
UNDEFED   SHT$$INIT_ARRAY$$Limit         

[101 symbols]
