******************************************************************************
                  TI ARM Linker PC v20.2.7                     
******************************************************************************
>> Linked Wed Aug 23 18:42:28 2023

OUTPUT FILE NAME:   <LCD with keypad.out>
ENTRY POINT SYMBOL: "_c_int00_noargs"  address: 0000186d


MEMORY CONFIGURATION

         name            origin    length      used     unused   attr    fill
----------------------  --------  ---------  --------  --------  ----  --------
  FLASH                 00000000   00040000  000019d2  0003e62e  R  X
  SRAM                  20000000   00008000  000002ba  00007d46  RW X


SEGMENT ALLOCATION MAP

run origin  load origin   length   init length attrs members
----------  ----------- ---------- ----------- ----- -------
00000000    00000000    000019d8   000019d8    r-x
  00000000    00000000    0000026c   0000026c    r-- .intvecs
  0000026c    0000026c    0000168e   0000168e    r-x .text
  000018fa    000018fa    000000a0   000000a0    r-- .const
  000019a0    000019a0    00000038   00000038    r-- .cinit
20000000    20000000    000002ba   00000000    rw-
  20000000    20000000    00000200   00000000    rw- .stack
  20000200    20000200    000000ba   00000000    rw- .data


SECTION ALLOCATION MAP

 output                                  attributes/
section   page    origin      length       input sections
--------  ----  ----------  ----------   ----------------
.intvecs   0    00000000    0000026c     
                  00000000    0000026c     tm4c123gh6pm_startup_ccs.obj (.intvecs)

.text      0    0000026c    0000168e     
                  0000026c    000005dc     Calc_manage.obj (.text)
                  00000848    00000468     GPIO_Program.obj (.text)
                  00000cb0    000003d0     lcd.obj (.text)
                  00001080    000001b8     Keypad.obj (.text)
                  00001238    000001b6     rtsv7M4_T_le_v4SPD16_eabi.lib : fd_add_t2.asm.obj (.text)
                  000013ee    00000136                                   : fd_div_t2.asm.obj (.text)
                  00001524    000000fc                                   : fd_mul_t2.asm.obj (.text)
                  00001620    0000009c                                   : memcpy_t2.asm.obj (.text)
                  000016bc    00000086                                   : fd_cmp_t2.asm.obj (.text:__aeabi_cdcmple)
                  00001742    00000068                                   : copy_decompress_lzss.c.obj (.text:decompress:lzss:__TI_decompress_lzss)
                  000017aa    00000048                                   : fd_toi_t2.asm.obj (.text)
                  000017f2    00000002     --HOLE-- [fill = 0]
                  000017f4    00000044                                   : autoinit.c.obj (.text:__TI_auto_init_nobinit_nopinit:__TI_auto_init_nobinit_nopinit)
                  00001838    00000034     Systick.obj (.text)
                  0000186c    00000034     rtsv7M4_T_le_v4SPD16_eabi.lib : boot_cortex_m.c.obj (.text:_c_int00_noargs:_c_int00_noargs)
                  000018a0    0000002e                                   : i_tofd_t2.asm.obj (.text)
                  000018ce    0000000e                                   : copy_decompress_none.c.obj (.text:decompress:none:__TI_decompress_none)
                  000018dc    0000000c     tm4c123gh6pm_startup_ccs.obj (.text)
                  000018e8    0000000a     main.obj (.text)
                  000018f2    00000004     rtsv7M4_T_le_v4SPD16_eabi.lib : pre_init.c.obj (.text:_system_pre_init)
                  000018f6    00000004                                   : exit.c.obj (.text:abort:abort)

.const     0    000018fa    000000a0     
                  000018fa    00000040     Keypad.obj (.const:$P$T0$1)
                  0000193a    00000040     lcd.obj (.const:$P$T3$4)
                  0000197a    00000008     lcd.obj (.const:$P$T0$1)
                  00001982    00000008     Keypad.obj (.const:$P$T1$2)
                  0000198a    00000008     lcd.obj (.const:$P$T1$2)
                  00001992    00000008     lcd.obj (.const:$P$T2$3)

.cinit     0    000019a0    00000038     
                  000019a0    00000027     (.cinit..data.load) [load image, compression = lzss]
                  000019c7    00000001     --HOLE-- [fill = 0]
                  000019c8    00000008     (__TI_handler_table)
                  000019d0    00000008     (__TI_cinit_table)

.init_array 
*          0    00000000    00000000     UNINITIALIZED

.data      0    20000200    000000ba     UNINITIALIZED
                  20000200    00000050     Calc_manage.obj (.data:oper_arr)
                  20000250    00000028     Calc_manage.obj (.data:ops_arr)
                  20000278    00000018     GPIO_Program.obj (.data:GPIO_Arr)
                  20000290    00000018     lcd.obj (.data:GPIO_Arr)
                  200002a8    0000000e     Calc_manage.obj (.data)
                  200002b6    00000004     Calc_manage.obj (.data:sort_ops)

.stack     0    20000000    00000200     UNINITIALIZED
                  20000000    00000004     rtsv7M4_T_le_v4SPD16_eabi.lib : boot_cortex_m.c.obj (.stack)
                  20000004    000001fc     --HOLE--

__llvm_prf_cnts 
*          0    20000000    00000000     UNINITIALIZED

MODULE SUMMARY

       Module                         code   ro data   rw data
       ------                         ----   -------   -------
    .\
       Calc_manage.obj                1500   0         138    
       GPIO_Program.obj               1128   0         24     
       lcd.obj                        976    88        24     
       tm4c123gh6pm_startup_ccs.obj   12     620       0      
       Keypad.obj                     440    72        0      
       Systick.obj                    52     0         0      
       main.obj                       10     0         0      
    +--+------------------------------+------+---------+---------+
       Total:                         4118   780       186    
                                                              
    D:\ccs\tools\compiler\ti-cgt-arm_20.2.7.LTS\lib\rtsv7M4_T_le_v4SPD16_eabi.lib
       fd_add_t2.asm.obj              438    0         0      
       fd_div_t2.asm.obj              310    0         0      
       fd_mul_t2.asm.obj              252    0         0      
       memcpy_t2.asm.obj              156    0         0      
       fd_cmp_t2.asm.obj              134    0         0      
       copy_decompress_lzss.c.obj     104    0         0      
       fd_toi_t2.asm.obj              72     0         0      
       autoinit.c.obj                 68     0         0      
       boot_cortex_m.c.obj            52     0         0      
       i_tofd_t2.asm.obj              46     0         0      
       copy_decompress_none.c.obj     14     0         0      
       exit.c.obj                     4      0         0      
       pre_init.c.obj                 4      0         0      
    +--+------------------------------+------+---------+---------+
       Total:                         1654   0         0      
                                                              
       Stack:                         0      0         512    
       Linker Generated:              0      55        0      
    +--+------------------------------+------+---------+---------+
       Grand Total:                   5772   835       698    


LINKER GENERATED COPY TABLES

__TI_cinit_table @ 000019d0 records: 1, size/record: 8, table size: 8
	.data: load addr=000019a0, load size=00000027 bytes, run addr=20000200, run size=000000ba bytes, compression=lzss


LINKER GENERATED HANDLER TABLE

__TI_handler_table @ 000019c8 records: 2, size/record: 4, table size: 8
	index: 0, handler: __TI_decompress_lzss
	index: 1, handler: __TI_decompress_none


GLOBAL SYMBOLS: SORTED ALPHABETICALLY BY Name 

address   name                          
-------   ----                          
000018f7  C$$EXIT                       
20000290  GPIO_Arr                      
00000bfd  GPIO_GetPinValue              
00000c65  GPIO_GetPortValue             
00000849  GPIO_Init                     
00000b51  GPIO_SetPinValue              
00000bab  GPIO_SetPortValue             
00001081  KeyPad_GetValue               
00001061  LCD_clearScreen               
00000eb3  LCD_displayCharacter          
00000f73  LCD_displayString             
00001027  LCD_displayStringRowColumn    
00000d83  LCD_init                      
00001047  LCD_intgerToString            
00000fc3  LCD_moveCursor                
00000df3  LCD_sendCommand               
000018dd  ResetISR                      
00001839  Sys_delay                     
20000200  __STACK_END                   
00000200  __STACK_SIZE                  
20000200  __STACK_TOP                   
000019d0  __TI_CINIT_Base               
000019d8  __TI_CINIT_Limit              
000019c8  __TI_Handler_Table_Base       
000019d0  __TI_Handler_Table_Limit      
000017f5  __TI_auto_init_nobinit_nopinit
00001743  __TI_decompress_lzss          
000018cf  __TI_decompress_none          
ffffffff  __TI_pprof_out_hndl           
ffffffff  __TI_prof_data_size           
ffffffff  __TI_prof_data_start          
00000000  __TI_static_base__            
000016bd  __aeabi_cdcmpeq               
000016bd  __aeabi_cdcmple               
000017ab  __aeabi_d2iz                  
00001243  __aeabi_dadd                  
000013ef  __aeabi_ddiv                  
00001525  __aeabi_dmul                  
00001239  __aeabi_dsub                  
000018a1  __aeabi_i2d                   
00001621  __aeabi_memcpy                
00001621  __aeabi_memcpy4               
00001621  __aeabi_memcpy8               
ffffffff  __binit__                     
ffffffff  __c_args__                    
UNDEFED   __mpu_init                    
20000000  __stack                       
20000000  __start___llvm_prf_cnts       
20000000  __stop___llvm_prf_cnts        
0000186d  _c_int00_noargs               
UNDEFED   _system_post_cinit            
000018f3  _system_pre_init              
000018f7  abort                         
ffffffff  binit                         
00000479  custom_sort                   
000004e1  custom_sort_ops               
00000000  g_pfnVectors                  
0000026d  get_number                    
00000cb1  integer_to_string             
200002ae  is_operand                    
0000114d  keypad_map                    
000018e9  main                          
200002b5  math_error                    
00001621  memcpy                        
200002b0  minus_counter                 
200002ad  minus_flag                    
200002a8  next_digit                    
20000200  oper_arr                      
200002ac  oper_count                    
20000250  ops_arr                       
00000d77  read_port                     
00000555  result                        
200002b6  sort_ops                      
0000079b  start_Calc                    
200002b4  syntax_error_flag             


GLOBAL SYMBOLS: SORTED BY Symbol Address 

address   name                          
-------   ----                          
00000000  __TI_static_base__            
00000000  g_pfnVectors                  
00000200  __STACK_SIZE                  
0000026d  get_number                    
00000479  custom_sort                   
000004e1  custom_sort_ops               
00000555  result                        
0000079b  start_Calc                    
00000849  GPIO_Init                     
00000b51  GPIO_SetPinValue              
00000bab  GPIO_SetPortValue             
00000bfd  GPIO_GetPinValue              
00000c65  GPIO_GetPortValue             
00000cb1  integer_to_string             
00000d77  read_port                     
00000d83  LCD_init                      
00000df3  LCD_sendCommand               
00000eb3  LCD_displayCharacter          
00000f73  LCD_displayString             
00000fc3  LCD_moveCursor                
00001027  LCD_displayStringRowColumn    
00001047  LCD_intgerToString            
00001061  LCD_clearScreen               
00001081  KeyPad_GetValue               
0000114d  keypad_map                    
00001239  __aeabi_dsub                  
00001243  __aeabi_dadd                  
000013ef  __aeabi_ddiv                  
00001525  __aeabi_dmul                  
00001621  __aeabi_memcpy                
00001621  __aeabi_memcpy4               
00001621  __aeabi_memcpy8               
00001621  memcpy                        
000016bd  __aeabi_cdcmpeq               
000016bd  __aeabi_cdcmple               
00001743  __TI_decompress_lzss          
000017ab  __aeabi_d2iz                  
000017f5  __TI_auto_init_nobinit_nopinit
00001839  Sys_delay                     
0000186d  _c_int00_noargs               
000018a1  __aeabi_i2d                   
000018cf  __TI_decompress_none          
000018dd  ResetISR                      
000018e9  main                          
000018f3  _system_pre_init              
000018f7  C$$EXIT                       
000018f7  abort                         
000019c8  __TI_Handler_Table_Base       
000019d0  __TI_CINIT_Base               
000019d0  __TI_Handler_Table_Limit      
000019d8  __TI_CINIT_Limit              
20000000  __stack                       
20000000  __start___llvm_prf_cnts       
20000000  __stop___llvm_prf_cnts        
20000200  __STACK_END                   
20000200  __STACK_TOP                   
20000200  oper_arr                      
20000250  ops_arr                       
20000290  GPIO_Arr                      
200002a8  next_digit                    
200002ac  oper_count                    
200002ad  minus_flag                    
200002ae  is_operand                    
200002b0  minus_counter                 
200002b4  syntax_error_flag             
200002b5  math_error                    
200002b6  sort_ops                      
ffffffff  __TI_pprof_out_hndl           
ffffffff  __TI_prof_data_size           
ffffffff  __TI_prof_data_start          
ffffffff  __binit__                     
ffffffff  __c_args__                    
ffffffff  binit                         
UNDEFED   __mpu_init                    
UNDEFED   _system_post_cinit            

[75 symbols]
