******************************************************************************
                  TI ARM Linker PC v20.2.7                     
******************************************************************************
>> Linked Sun Aug 27 23:35:00 2023

OUTPUT FILE NAME:   <stop_watch.out>
ENTRY POINT SYMBOL: "_c_int00_noargs"  address: 00000f31


MEMORY CONFIGURATION

         name            origin    length      used     unused   attr    fill
----------------------  --------  ---------  --------  --------  ----  --------
  FLASH                 00000000   00040000  0000102a  0003efd6  R  X
  SRAM                  20000000   00008000  00000234  00007dcc  RW X


SEGMENT ALLOCATION MAP

run origin  load origin   length   init length attrs members
----------  ----------- ---------- ----------- ----- -------
00000000    00000000    00001030   00001030    r-x
  00000000    00000000    0000026c   0000026c    r-- .intvecs
  0000026c    0000026c    00000d26   00000d26    r-x .text
  00000f92    00000f92    00000068   00000068    r-- .const
  00001000    00001000    00000030   00000030    r-- .cinit
20000000    20000000    00000234   00000000    rw-
  20000000    20000000    00000200   00000000    rw- .stack
  20000200    20000200    00000034   00000000    rw- .data


SECTION ALLOCATION MAP

 output                                  attributes/
section   page    origin      length       input sections
--------  ----  ----------  ----------   ----------------
.intvecs   0    00000000    0000026c     
                  00000000    0000026c     tm4c123gh6pm_startup_ccs.obj (.intvecs)

.text      0    0000026c    00000d26     
                  0000026c    00000468     GPIO_Program.obj (.text)
                  000006d4    000003e8     lcd.obj (.text)
                  00000abc    0000029c     app.obj (.text)
                  00000d58    0000009c     rtsv7M4_T_le_v4SPD16_eabi.lib : memcpy_t2.asm.obj (.text)
                  00000df4    00000068                                   : copy_decompress_lzss.c.obj (.text:decompress:lzss:__TI_decompress_lzss)
                  00000e5c    00000050     Systick.obj (.text)
                  00000eac    00000044     rtsv7M4_T_le_v4SPD16_eabi.lib : autoinit.c.obj (.text:__TI_auto_init_nobinit_nopinit:__TI_auto_init_nobinit_nopinit)
                  00000ef0    00000040                                   : u_divt2.asm.obj (.text)
                  00000f30    00000034                                   : boot_cortex_m.c.obj (.text:_c_int00_noargs:_c_int00_noargs)
                  00000f64    0000000e                                   : copy_decompress_none.c.obj (.text:decompress:none:__TI_decompress_none)
                  00000f72    0000000c     tm4c123gh6pm_startup_ccs.obj (.text)
                  00000f7e    0000000a     main.obj (.text)
                  00000f88    00000004     rtsv7M4_T_le_v4SPD16_eabi.lib : pre_init.c.obj (.text:_system_pre_init)
                  00000f8c    00000004                                   : exit.c.obj (.text:abort:abort)
                  00000f90    00000002                                   : div0.asm.obj (.text)

.const     0    00000f92    00000068     
                  00000f92    00000040     lcd.obj (.const:$P$T3$4)
                  00000fd2    00000010     app.obj (.const:$P$T0$1)
                  00000fe2    00000008     lcd.obj (.const:$P$T0$1)
                  00000fea    00000008     lcd.obj (.const:$P$T1$2)
                  00000ff2    00000008     lcd.obj (.const:$P$T2$3)

.cinit     0    00001000    00000030     
                  00001000    0000001f     (.cinit..data.load) [load image, compression = lzss]
                  0000101f    00000001     --HOLE-- [fill = 0]
                  00001020    00000008     (__TI_handler_table)
                  00001028    00000008     (__TI_cinit_table)

.init_array 
*          0    00000000    00000000     UNINITIALIZED

.data      0    20000200    00000034     UNINITIALIZED
                  20000200    00000018     GPIO_Program.obj (.data:GPIO_Arr)
                  20000218    00000018     app.obj (.data)
                  20000230    00000004     Systick.obj (.data)

.stack     0    20000000    00000200     UNINITIALIZED
                  20000000    00000004     rtsv7M4_T_le_v4SPD16_eabi.lib : boot_cortex_m.c.obj (.stack)
                  20000004    000001fc     --HOLE--

__llvm_prf_cnts 
*          0    20000000    00000000     UNINITIALIZED

MODULE SUMMARY

       Module                         code   ro data   rw data
       ------                         ----   -------   -------
    .\
       GPIO_Program.obj               1128   0         24     
       lcd.obj                        1000   88        0      
       app.obj                        668    16        24     
       tm4c123gh6pm_startup_ccs.obj   12     620       0      
       Systick.obj                    80     0         4      
       main.obj                       10     0         0      
    +--+------------------------------+------+---------+---------+
       Total:                         2898   724       52     
                                                              
    C:\ti\ccs1210\ccs\tools\compiler\ti-cgt-arm_20.2.7.LTS\lib\rtsv7M4_T_le_v4SPD16_eabi.lib
       memcpy_t2.asm.obj              156    0         0      
       copy_decompress_lzss.c.obj     104    0         0      
       autoinit.c.obj                 68     0         0      
       u_divt2.asm.obj                64     0         0      
       boot_cortex_m.c.obj            52     0         0      
       copy_decompress_none.c.obj     14     0         0      
       exit.c.obj                     4      0         0      
       pre_init.c.obj                 4      0         0      
       div0.asm.obj                   2      0         0      
    +--+------------------------------+------+---------+---------+
       Total:                         468    0         0      
                                                              
       Stack:                         0      0         512    
       Linker Generated:              0      47        0      
    +--+------------------------------+------+---------+---------+
       Grand Total:                   3366   771       564    


LINKER GENERATED COPY TABLES

__TI_cinit_table @ 00001028 records: 1, size/record: 8, table size: 8
	.data: load addr=00001000, load size=0000001f bytes, run addr=20000200, run size=00000034 bytes, compression=lzss


LINKER GENERATED HANDLER TABLE

__TI_handler_table @ 00001020 records: 2, size/record: 4, table size: 8
	index: 0, handler: __TI_decompress_lzss
	index: 1, handler: __TI_decompress_none


GLOBAL SYMBOLS: SORTED ALPHABETICALLY BY Name 

address   name                          
-------   ----                          
00000f8d  C$$EXIT                       
00000621  GPIO_GetPinValue              
00000689  GPIO_GetPortValue             
0000026d  GPIO_Init                     
00000575  GPIO_SetPinValue              
000005cf  GPIO_SetPortValue             
00000aa1  LCD_clearScreen               
000008f3  LCD_displayCharacter          
000009b3  LCD_displayString             
00000a67  LCD_displayStringRowColumn    
000007c3  LCD_init                      
00000a87  LCD_intgerToString            
00000a03  LCD_moveCursor                
00000833  LCD_sendCommand               
00000c97  PORTF_HANDLER                 
00000f73  ResetISR                      
000006d5  Sys_delay                     
00000e5d  Sys_init                      
00000e7f  Systick_Handller              
00000e8f  Systick_SetCallBack           
20000200  __STACK_END                   
00000200  __STACK_SIZE                  
20000200  __STACK_TOP                   
00001028  __TI_CINIT_Base               
00001030  __TI_CINIT_Limit              
00001020  __TI_Handler_Table_Base       
00001028  __TI_Handler_Table_Limit      
00000ead  __TI_auto_init_nobinit_nopinit
00000df5  __TI_decompress_lzss          
00000f65  __TI_decompress_none          
ffffffff  __TI_pprof_out_hndl           
ffffffff  __TI_prof_data_size           
ffffffff  __TI_prof_data_start          
00000000  __TI_static_base__            
00000f91  __aeabi_idiv0                 
00000f91  __aeabi_ldiv0                 
00000d59  __aeabi_memcpy                
00000d59  __aeabi_memcpy4               
00000d59  __aeabi_memcpy8               
00000ef1  __aeabi_uidiv                 
00000ef1  __aeabi_uidivmod              
ffffffff  __binit__                     
ffffffff  __c_args__                    
UNDEFED   __mpu_init                    
20000000  __stack                       
20000000  __start___llvm_prf_cnts       
20000000  __stop___llvm_prf_cnts        
00000f31  _c_int00_noargs               
UNDEFED   _system_post_cinit            
00000f89  _system_pre_init              
00000f8d  abort                         
ffffffff  binit                         
2000022d  curr_col                      
2000022c  curr_row                      
2000022f  current_state                 
00000af3  delay_ms                      
00000000  g_pfnVectors                  
20000230  g_ptr                         
20000220  hours                         
00000abd  increment_seconds             
000006fd  integer_to_string             
2000022e  lap_count                     
00000f7f  main                          
00000d59  memcpy                        
2000021c  minutes                       
20000224  pause_flag                    
20000218  seconds                       
00000b1b  start_app                     
20000228  systikc_value                 


GLOBAL SYMBOLS: SORTED BY Symbol Address 

address   name                          
-------   ----                          
00000000  __TI_static_base__            
00000000  g_pfnVectors                  
00000200  __STACK_SIZE                  
0000026d  GPIO_Init                     
00000575  GPIO_SetPinValue              
000005cf  GPIO_SetPortValue             
00000621  GPIO_GetPinValue              
00000689  GPIO_GetPortValue             
000006d5  Sys_delay                     
000006fd  integer_to_string             
000007c3  LCD_init                      
00000833  LCD_sendCommand               
000008f3  LCD_displayCharacter          
000009b3  LCD_displayString             
00000a03  LCD_moveCursor                
00000a67  LCD_displayStringRowColumn    
00000a87  LCD_intgerToString            
00000aa1  LCD_clearScreen               
00000abd  increment_seconds             
00000af3  delay_ms                      
00000b1b  start_app                     
00000c97  PORTF_HANDLER                 
00000d59  __aeabi_memcpy                
00000d59  __aeabi_memcpy4               
00000d59  __aeabi_memcpy8               
00000d59  memcpy                        
00000df5  __TI_decompress_lzss          
00000e5d  Sys_init                      
00000e7f  Systick_Handller              
00000e8f  Systick_SetCallBack           
00000ead  __TI_auto_init_nobinit_nopinit
00000ef1  __aeabi_uidiv                 
00000ef1  __aeabi_uidivmod              
00000f31  _c_int00_noargs               
00000f65  __TI_decompress_none          
00000f73  ResetISR                      
00000f7f  main                          
00000f89  _system_pre_init              
00000f8d  C$$EXIT                       
00000f8d  abort                         
00000f91  __aeabi_idiv0                 
00000f91  __aeabi_ldiv0                 
00001020  __TI_Handler_Table_Base       
00001028  __TI_CINIT_Base               
00001028  __TI_Handler_Table_Limit      
00001030  __TI_CINIT_Limit              
20000000  __stack                       
20000000  __start___llvm_prf_cnts       
20000000  __stop___llvm_prf_cnts        
20000200  __STACK_END                   
20000200  __STACK_TOP                   
20000218  seconds                       
2000021c  minutes                       
20000220  hours                         
20000224  pause_flag                    
20000228  systikc_value                 
2000022c  curr_row                      
2000022d  curr_col                      
2000022e  lap_count                     
2000022f  current_state                 
20000230  g_ptr                         
ffffffff  __TI_pprof_out_hndl           
ffffffff  __TI_prof_data_size           
ffffffff  __TI_prof_data_start          
ffffffff  __binit__                     
ffffffff  __c_args__                    
ffffffff  binit                         
UNDEFED   __mpu_init                    
UNDEFED   _system_post_cinit            

[69 symbols]
