******************************************************************************
                  TI ARM Linker PC v20.2.7                     
******************************************************************************
>> Linked Fri Sep  1 16:00:43 2023

OUTPUT FILE NAME:   <test_tivaWare.out>
ENTRY POINT SYMBOL: "_c_int00_noargs"  address: 00000fa9


MEMORY CONFIGURATION

         name            origin    length      used     unused   attr    fill
----------------------  --------  ---------  --------  --------  ----  --------
  FLASH                 00000000   00040000  000012fc  0003ed04  R  X
  SRAM                  20000000   00008000  0000048d  00007b73  RW X


SEGMENT ALLOCATION MAP

run origin  load origin   length   init length attrs members
----------  ----------- ---------- ----------- ----- -------
00000000    00000000    00001300   00001300    r-x
  00000000    00000000    0000026c   0000026c    r-- .intvecs
  0000026c    0000026c    00000e6c   00000e6c    r-x .text
  000010d8    000010d8    000001d4   000001d4    r-- .const
  000012b0    000012b0    00000050   00000050    r-- .cinit
20000000    20000000    00000494   00000000    rw-
  20000000    20000000    0000026c   00000000    rw- .vtable
  20000270    20000270    00000200   00000000    rw- .stack
  20000470    20000470    00000019   00000000    rw- .data
  2000048c    2000048c    00000008   00000000    rw- .bss


SECTION ALLOCATION MAP

 output                                  attributes/
section   page    origin      length       input sections
--------  ----  ----------  ----------   ----------------
.intvecs   0    00000000    0000026c     
                  00000000    0000026c     tm4c123gh6pm_startup_ccs.obj (.intvecs)

.text      0    0000026c    00000e6c     
                  0000026c    00000468     GPIO_Program.obj (.text)
                  000006d4    000002c2     LCD.obj (.text)
                  00000996    00000002     --HOLE-- [fill = 0]
                  00000998    0000016c     driverlib.lib : gpio.obj (.text:GPIOPadConfigSet)
                  00000b04    0000015c     main.obj (.text)
                  00000c60    0000009c     rtsv7M4_T_le_v4SPD16_eabi.lib : memcpy_t2.asm.obj (.text)
                  00000cfc    00000068     driverlib.lib : interrupt.obj (.text:IntEnable)
                  00000d64    00000068     rtsv7M4_T_le_v4SPD16_eabi.lib : copy_decompress_lzss.c.obj (.text:decompress:lzss:__TI_decompress_lzss)
                  00000dcc    00000060     driverlib.lib : timer.obj (.text:TimerConfigure)
                  00000e2c    0000004c                   : gpio.obj (.text:GPIOPinConfigure)
                  00000e78    0000004c                   : timer.obj (.text:_TimerIntNumberGet)
                  00000ec4    00000044     rtsv7M4_T_le_v4SPD16_eabi.lib : autoinit.c.obj (.text:__TI_auto_init_nobinit_nopinit:__TI_auto_init_nobinit_nopinit)
                  00000f08    00000038     driverlib.lib : sysctl.obj (.text:SysCtlPeripheralReady)
                  00000f40    00000034                   : interrupt.obj (.text:IntRegister)
                  00000f74    00000034                   : sysctl.obj (.text:SysCtlPeripheralEnable)
                  00000fa8    00000034     rtsv7M4_T_le_v4SPD16_eabi.lib : boot_cortex_m.c.obj (.text:_c_int00_noargs:_c_int00_noargs)
                  00000fdc    0000002c     driverlib.lib : gpio.obj (.text:GPIODirModeSet)
                  00001008    00000024     UTILS.obj (.text)
                  0000102c    0000001c     rtsv7M4_T_le_v4SPD16_eabi.lib : copy_zero_init.c.obj (.text:decompress:ZI:__TI_zero_init_nomemset:__TI_zero_init_nomemset)
                  00001048    00000018     driverlib.lib : timer.obj (.text:TimerIntRegister)
                  00001060    00000016                   : gpio.obj (.text:GPIOPinTypeTimer)
                  00001076    00000016                   : timer.obj (.text:TimerControlEvent)
                  0000108c    0000000e                   : timer.obj (.text:TimerEnable)
                  0000109a    0000000e     rtsv7M4_T_le_v4SPD16_eabi.lib : copy_decompress_none.c.obj (.text:decompress:none:__TI_decompress_none)
                  000010a8    0000000c     tm4c123gh6pm_startup_ccs.obj (.text)
                  000010b4    0000000a     driverlib.lib : timer.obj (.text:TimerValueGet)
                  000010be    00000008                   : timer.obj (.text:TimerIntEnable)
                  000010c6    00000006                   : sysctl.obj (.text:SysCtlDelay)
                  000010cc    00000004                   : timer.obj (.text:TimerIntClear)
                  000010d0    00000004     rtsv7M4_T_le_v4SPD16_eabi.lib : pre_init.c.obj (.text:_system_pre_init)
                  000010d4    00000004                                   : exit.c.obj (.text:abort:abort)

.const     0    000010d8    000001d4     
                  000010d8    00000090     main.obj (.const:$P$T0$1)
                  00001168    00000090     driverlib.lib : gpio.obj (.const:g_pui32GPIOBaseAddrs)
                  000011f8    00000060                   : timer.obj (.const:g_ppui32TimerIntMap)
                  00001258    00000040                   : timer.obj (.const:g_ppui32TimerIntMapSnowflake)
                  00001298    00000014                   : interrupt.obj (.const:g_pui32EnRegs)

.cinit     0    000012b0    00000050     
                  000012b0    00000017     (.cinit..data.load) [load image, compression = lzss]
                  000012c7    00000001     --HOLE-- [fill = 0]
                  000012c8    0000000c     (__TI_handler_table)
                  000012d4    00000004     --HOLE-- [fill = 0]
                  000012d8    00000008     (.cinit..bss.load) [load image, compression = zero_init]
                  000012e0    00000008     (.cinit..vtable.load) [load image, compression = zero_init]
                  000012e8    00000018     (__TI_cinit_table)

.init_array 
*          0    00000000    00000000     UNINITIALIZED

.vtable    0    20000000    0000026c     UNINITIALIZED
                  20000000    0000026c     driverlib.lib : interrupt.obj (.vtable)

.data      0    20000470    00000019     UNINITIALIZED
                  20000470    00000018     GPIO_Program.obj (.data:GPIO_Arr)
                  20000488    00000001     main.obj (.data)

.bss       0    2000048c    00000008     UNINITIALIZED
                  2000048c    00000004     (.common:t1)
                  20000490    00000004     (.common:t2)

.stack     0    20000270    00000200     UNINITIALIZED
                  20000270    00000004     rtsv7M4_T_le_v4SPD16_eabi.lib : boot_cortex_m.c.obj (.stack)
                  20000274    000001fc     --HOLE--

__llvm_prf_cnts 
*          0    20000000    00000000     UNINITIALIZED

MODULE SUMMARY

       Module                         code   ro data   rw data
       ------                         ----   -------   -------
    .\
       tm4c123gh6pm_startup_ccs.obj   12     620       0      
       main.obj                       348    144       9      
    +--+------------------------------+------+---------+---------+
       Total:                         360    764       9      
                                                              
    .\HAL\LCD\
       LCD.obj                        706    0         0      
    +--+------------------------------+------+---------+---------+
       Total:                         706    0         0      
                                                              
    .\LIB\
       UTILS.obj                      36     0         0      
    +--+------------------------------+------+---------+---------+
       Total:                         36     0         0      
                                                              
    .\MCAL\GPIO\
       GPIO_Program.obj               1128   0         24     
    +--+------------------------------+------+---------+---------+
       Total:                         1128   0         24     
                                                              
    C:/ti/TivaWare_C_Series-2.2.0.295/driverlib/ccs/Debug/driverlib.lib
       interrupt.obj                  156    20        620    
       gpio.obj                       506    144       0      
       timer.obj                      254    160       0      
       sysctl.obj                     114    0         0      
    +--+------------------------------+------+---------+---------+
       Total:                         1030   324       620    
                                                              
    D:\ccs\tools\compiler\ti-cgt-arm_20.2.7.LTS\lib\rtsv7M4_T_le_v4SPD16_eabi.lib
       memcpy_t2.asm.obj              156    0         0      
       copy_decompress_lzss.c.obj     104    0         0      
       autoinit.c.obj                 68     0         0      
       boot_cortex_m.c.obj            52     0         0      
       copy_zero_init.c.obj           28     0         0      
       copy_decompress_none.c.obj     14     0         0      
       exit.c.obj                     4      0         0      
       pre_init.c.obj                 4      0         0      
    +--+------------------------------+------+---------+---------+
       Total:                         430    0         0      
                                                              
       Stack:                         0      0         512    
       Linker Generated:              0      75        0      
    +--+------------------------------+------+---------+---------+
       Grand Total:                   3690   1163      1165   


LINKER GENERATED COPY TABLES

__TI_cinit_table @ 000012e8 records: 3, size/record: 8, table size: 24
	.data: load addr=000012b0, load size=00000017 bytes, run addr=20000470, run size=00000019 bytes, compression=lzss
	.bss: load addr=000012d8, load size=00000008 bytes, run addr=2000048c, run size=00000008 bytes, compression=zero_init
	.vtable: load addr=000012e0, load size=00000008 bytes, run addr=20000000, run size=0000026c bytes, compression=zero_init


LINKER GENERATED HANDLER TABLE

__TI_handler_table @ 000012c8 records: 3, size/record: 4, table size: 12
	index: 0, handler: __TI_zero_init
	index: 1, handler: __TI_decompress_lzss
	index: 2, handler: __TI_decompress_none


GLOBAL SYMBOLS: SORTED ALPHABETICALLY BY Name 

address   name                          
-------   ----                          
000010d5  C$$EXIT                       
00000fdd  GPIODirModeSet                
00000999  GPIOPadConfigSet              
00000e2d  GPIOPinConfigure              
00001061  GPIOPinTypeTimer              
00000621  GPIO_GetPinValue              
00000689  GPIO_GetPortValue             
0000026d  GPIO_Init                     
00000575  GPIO_SetPinValue              
000005cf  GPIO_SetPortValue             
00000cfd  IntEnable                     
00000f41  IntRegister                   
000007ed  LCD_Clear                     
000008af  LCD_GoTo                      
000006d5  LCD_Init                      
0000072d  LCD_WriteChar                 
000007fd  LCD_WriteData                 
000008e5  LCD_WriteInstruction          
0000073d  LCD_WriteNumber               
000006fd  LCD_WriteString               
000010a9  ResetISR                      
000010c7  SysCtlDelay                   
00000f75  SysCtlPeripheralEnable        
00000f09  SysCtlPeripheralReady         
00000be7  TIMER0_Handler                
00000dcd  TimerConfigure                
00001077  TimerControlEvent             
0000108d  TimerEnable                   
000010cd  TimerIntClear                 
000010bf  TimerIntEnable                
00001049  TimerIntRegister              
000010b5  TimerValueGet                 
00000b05  UltraSonic_init               
00000b53  UltraSonic_trigger            
20000470  __STACK_END                   
00000200  __STACK_SIZE                  
20000470  __STACK_TOP                   
000012e8  __TI_CINIT_Base               
00001300  __TI_CINIT_Limit              
000012c8  __TI_Handler_Table_Base       
000012d4  __TI_Handler_Table_Limit      
00000ec5  __TI_auto_init_nobinit_nopinit
00000d65  __TI_decompress_lzss          
0000109b  __TI_decompress_none          
ffffffff  __TI_pprof_out_hndl           
ffffffff  __TI_prof_data_size           
ffffffff  __TI_prof_data_start          
00000000  __TI_static_base__            
0000102d  __TI_zero_init_nomemset       
00000c61  __aeabi_memcpy                
00000c61  __aeabi_memcpy4               
00000c61  __aeabi_memcpy8               
ffffffff  __binit__                     
ffffffff  __c_args__                    
UNDEFED   __mpu_init                    
20000270  __stack                       
20000000  __start___llvm_prf_cnts       
20000000  __stop___llvm_prf_cnts        
00000fa9  _c_int00_noargs               
UNDEFED   _system_post_cinit            
000010d1  _system_pre_init              
000010d5  abort                         
ffffffff  binit                         
00001009  delay                         
20000488  flag                          
20000000  g_pfnRAMVectors               
00000000  g_pfnVectors                  
00000b71  main                          
00000c61  memcpy                        
2000048c  t1                            
20000490  t2                            


GLOBAL SYMBOLS: SORTED BY Symbol Address 

address   name                          
-------   ----                          
00000000  __TI_static_base__            
00000000  g_pfnVectors                  
00000200  __STACK_SIZE                  
0000026d  GPIO_Init                     
00000575  GPIO_SetPinValue              
000005cf  GPIO_SetPortValue             
00000621  GPIO_GetPinValue              
00000689  GPIO_GetPortValue             
000006d5  LCD_Init                      
000006fd  LCD_WriteString               
0000072d  LCD_WriteChar                 
0000073d  LCD_WriteNumber               
000007ed  LCD_Clear                     
000007fd  LCD_WriteData                 
000008af  LCD_GoTo                      
000008e5  LCD_WriteInstruction          
00000999  GPIOPadConfigSet              
00000b05  UltraSonic_init               
00000b53  UltraSonic_trigger            
00000b71  main                          
00000be7  TIMER0_Handler                
00000c61  __aeabi_memcpy                
00000c61  __aeabi_memcpy4               
00000c61  __aeabi_memcpy8               
00000c61  memcpy                        
00000cfd  IntEnable                     
00000d65  __TI_decompress_lzss          
00000dcd  TimerConfigure                
00000e2d  GPIOPinConfigure              
00000ec5  __TI_auto_init_nobinit_nopinit
00000f09  SysCtlPeripheralReady         
00000f41  IntRegister                   
00000f75  SysCtlPeripheralEnable        
00000fa9  _c_int00_noargs               
00000fdd  GPIODirModeSet                
00001009  delay                         
0000102d  __TI_zero_init_nomemset       
00001049  TimerIntRegister              
00001061  GPIOPinTypeTimer              
00001077  TimerControlEvent             
0000108d  TimerEnable                   
0000109b  __TI_decompress_none          
000010a9  ResetISR                      
000010b5  TimerValueGet                 
000010bf  TimerIntEnable                
000010c7  SysCtlDelay                   
000010cd  TimerIntClear                 
000010d1  _system_pre_init              
000010d5  C$$EXIT                       
000010d5  abort                         
000012c8  __TI_Handler_Table_Base       
000012d4  __TI_Handler_Table_Limit      
000012e8  __TI_CINIT_Base               
00001300  __TI_CINIT_Limit              
20000000  __start___llvm_prf_cnts       
20000000  __stop___llvm_prf_cnts        
20000000  g_pfnRAMVectors               
20000270  __stack                       
20000470  __STACK_END                   
20000470  __STACK_TOP                   
20000488  flag                          
2000048c  t1                            
20000490  t2                            
ffffffff  __TI_pprof_out_hndl           
ffffffff  __TI_prof_data_size           
ffffffff  __TI_prof_data_start          
ffffffff  __binit__                     
ffffffff  __c_args__                    
ffffffff  binit                         
UNDEFED   __mpu_init                    
UNDEFED   _system_post_cinit            

[71 symbols]
