******************************************************************************
                  TI ARM Linker PC v20.2.7                     
******************************************************************************
>> Linked Sat Sep 16 01:39:31 2023

OUTPUT FILE NAME:   <New_Car_project.out>
ENTRY POINT SYMBOL: "_c_int00_noargs"  address: 00001801


MEMORY CONFIGURATION

         name            origin    length      used     unused   attr    fill
----------------------  --------  ---------  --------  --------  ----  --------
  FLASH                 00000000   00040000  0000197a  0003e686  R  X
  SRAM                  20000000   00008000  00000264  00007d9c  RW X


SEGMENT ALLOCATION MAP

run origin  load origin   length   init length attrs members
----------  ----------- ---------- ----------- ----- -------
00000000    00000000    00001980   00001980    r-x
  00000000    00000000    0000026c   0000026c    r-- .intvecs
  0000026c    0000026c    00001656   00001656    r-x .text
  000018c2    000018c2    00000078   00000078    r-- .const
  00001940    00001940    00000040   00000040    r-- .cinit
20000000    20000000    00000264   00000000    rw-
  20000000    20000000    00000200   00000000    rw- .stack
  20000200    20000200    00000038   00000000    rw- .bss
  20000238    20000238    0000002c   00000000    rw- .data


SECTION ALLOCATION MAP

 output                                  attributes/
section   page    origin      length       input sections
--------  ----  ----------  ----------   ----------------
.intvecs   0    00000000    0000026c     
                  00000000    0000026c     tm4c123gh6pm_startup_ccs.obj (.intvecs)

.text      0    0000026c    00001656     
                  0000026c    00000534     GPIO_Program.obj (.text)
                  000007a0    00000400     lcd.obj (.text)
                  00000ba0    000002bc     motors.obj (.text)
                  00000e5c    0000024c     Ultrasonic.obj (.text)
                  000010a8    000001d8     Tasks.obj (.text)
                  00001280    000001a4     Schedular.obj (.text)
                  00001424    00000148     ADC.obj (.text)
                  0000156c    0000009c     rtsv7M4_T_le_v4SPD16_eabi.lib : memcpy_t2.asm.obj (.text)
                  00001608    0000007c     Gpt.obj (.text)
                  00001684    0000007c     RCC.obj (.text)
                  00001700    00000068     rtsv7M4_T_le_v4SPD16_eabi.lib : copy_decompress_lzss.c.obj (.text:decompress:lzss:__TI_decompress_lzss)
                  00001768    00000054     main.obj (.text)
                  000017bc    00000044     rtsv7M4_T_le_v4SPD16_eabi.lib : autoinit.c.obj (.text:__TI_auto_init_nobinit_nopinit:__TI_auto_init_nobinit_nopinit)
                  00001800    00000034                                   : boot_cortex_m.c.obj (.text:_c_int00_noargs:_c_int00_noargs)
                  00001834    00000030     LDR.obj (.text)
                  00001864    00000020     Buttons.obj (.text)
                  00001884    0000001c     rtsv7M4_T_le_v4SPD16_eabi.lib : copy_zero_init.c.obj (.text:decompress:ZI:__TI_zero_init_nomemset:__TI_zero_init_nomemset)
                  000018a0    0000000e                                   : copy_decompress_none.c.obj (.text:decompress:none:__TI_decompress_none)
                  000018ae    0000000c     tm4c123gh6pm_startup_ccs.obj (.text)
                  000018ba    00000004     rtsv7M4_T_le_v4SPD16_eabi.lib : pre_init.c.obj (.text:_system_pre_init)
                  000018be    00000004                                   : exit.c.obj (.text:abort:abort)

.const     0    000018c2    00000078     
                  000018c2    00000040     lcd.obj (.const:$P$T3$4)
                  00001902    00000010     ADC.obj (.const:$P$T0$1)
                  00001912    00000010     Buttons.obj (.const:$P$T0$1)
                  00001922    00000008     lcd.obj (.const:$P$T0$1)
                  0000192a    00000008     lcd.obj (.const:$P$T1$2)
                  00001932    00000008     lcd.obj (.const:$P$T2$3)

.cinit     0    00001940    00000040     
                  00001940    0000001a     (.cinit..data.load) [load image, compression = lzss]
                  0000195a    00000002     --HOLE-- [fill = 0]
                  0000195c    0000000c     (__TI_handler_table)
                  00001968    00000008     (.cinit..bss.load) [load image, compression = zero_init]
                  00001970    00000010     (__TI_cinit_table)

.init_array 
*          0    00000000    00000000     UNINITIALIZED

.bss       0    20000200    00000038     UNINITIALIZED
                  20000200    00000018     (.common:TASKS)
                  20000218    0000000c     Tasks.obj (.bss)
                  20000224    00000004     (.common:Difference)
                  20000228    00000004     (.common:Distance)
                  2000022c    00000004     (.common:Fall)
                  20000230    00000004     (.common:Rise)
                  20000234    00000004     (.common:distance)

.data      0    20000238    0000002c     UNINITIALIZED
                  20000238    00000018     GPIO_Program.obj (.data:reg_arr)
                  20000250    0000000c     Schedular.obj (.data)
                  2000025c    00000004     Gpt.obj (.data)
                  20000260    00000004     Ultrasonic.obj (.data)

.stack     0    20000000    00000200     UNINITIALIZED
                  20000000    00000004     rtsv7M4_T_le_v4SPD16_eabi.lib : boot_cortex_m.c.obj (.stack)
                  20000004    000001fc     --HOLE--

__llvm_prf_cnts 
*          0    20000000    00000000     UNINITIALIZED

MODULE SUMMARY

       Module                         code   ro data   rw data
       ------                         ----   -------   -------
    .\
       tm4c123gh6pm_startup_ccs.obj   12     620       0      
       main.obj                       84     0         0      
    +--+------------------------------+------+---------+---------+
       Total:                         96     620       0      
                                                              
    .\HAL\Buttons\
       Buttons.obj                    32     16        0      
    +--+------------------------------+------+---------+---------+
       Total:                         32     16        0      
                                                              
    .\HAL\LCD\
       lcd.obj                        1024   88        0      
    +--+------------------------------+------+---------+---------+
       Total:                         1024   88        0      
                                                              
    .\HAL\LDR\
       LDR.obj                        48     0         0      
    +--+------------------------------+------+---------+---------+
       Total:                         48     0         0      
                                                              
    .\HAL\MOTORS\
       motors.obj                     700    0         0      
    +--+------------------------------+------+---------+---------+
       Total:                         700    0         0      
                                                              
    .\HAL\UltraSonic\
       Ultrasonic.obj                 588    0         20     
    +--+------------------------------+------+---------+---------+
       Total:                         588    0         20     
                                                              
    .\MCAL\ADC\
       ADC.obj                        328    16        0      
    +--+------------------------------+------+---------+---------+
       Total:                         328    16        0      
                                                              
    .\MCAL\GPIO\
       GPIO_Program.obj               1332   0         24     
    +--+------------------------------+------+---------+---------+
       Total:                         1332   0         24     
                                                              
    .\MCAL\RCC\
       RCC.obj                        124    0         0      
    +--+------------------------------+------+---------+---------+
       Total:                         124    0         0      
                                                              
    .\MCAL\SYSTICK\
       Gpt.obj                        124    0         4      
    +--+------------------------------+------+---------+---------+
       Total:                         124    0         4      
                                                              
    .\OS\
       Schedular.obj                  420    0         36     
    +--+------------------------------+------+---------+---------+
       Total:                         420    0         36     
                                                              
    .\Tasks\
       Tasks.obj                      472    0         16     
    +--+------------------------------+------+---------+---------+
       Total:                         472    0         16     
                                                              
    C:\ti\ccs1210\ccs\tools\compiler\ti-cgt-arm_20.2.7.LTS\lib\rtsv7M4_T_le_v4SPD16_eabi.lib
       memcpy_t2.asm.obj              156    0         0      
       copy_decompress_lzss.c.obj     104    0         0      
       autoinit.c.obj                 68     0         0      
       boot_cortex_m.c.obj            52     0         0      
       copy_zero_init.c.obj           28     0         0      
       copy_decompress_none.c.obj     14     0         0      
       exit.c.obj                     4      0         0      
       pre_init.c.obj                 4      0         0      
    +--+------------------------------+------+---------+---------+
       Total:                         430    0         0      
                                                              
       Stack:                         0      0         512    
       Linker Generated:              0      62        0      
    +--+------------------------------+------+---------+---------+
       Grand Total:                   5718   802       612    


LINKER GENERATED COPY TABLES

__TI_cinit_table @ 00001970 records: 2, size/record: 8, table size: 16
	.data: load addr=00001940, load size=0000001a bytes, run addr=20000238, run size=0000002c bytes, compression=lzss
	.bss: load addr=00001968, load size=00000008 bytes, run addr=20000200, run size=00000038 bytes, compression=zero_init


LINKER GENERATED HANDLER TABLE

__TI_handler_table @ 0000195c records: 3, size/record: 4, table size: 12
	index: 0, handler: __TI_decompress_lzss
	index: 1, handler: __TI_decompress_none
	index: 2, handler: __TI_zero_init


GLOBAL SYMBOLS: SORTED ALPHABETICALLY BY Name 

address   name                          
-------   ----                          
00001425  ADC_Init                      
000014bf  ADC_getValue                  
00001865  Buttons_init                  
000018bf  C$$EXIT                       
20000254  CountB                        
20000253  CountG                        
20000252  CountR                        
20000224  Difference                    
20000228  Distance                      
00001769  ECU_init                      
2000022c  Fall                          
00000703  GPIO_GetPinValue              
00000761  GPIO_GetPortValue             
0000026d  GPIO_Init                     
0000066d  GPIO_SetPinValue              
000006c7  GPIO_SetPortValue             
00000f93  Get_Distance                  
00001187  LCD_Show_Dir                  
00001145  LCD_Show_T                    
00000b87  LCD_clearScreen               
000009cf  LCD_displayCharacter          
00000a99  LCD_displayString             
00000b4d  LCD_displayStringRowColumn    
00000895  LCD_init                      
00000b6d  LCD_intgerToString            
00000ae9  LCD_moveCursor                
00000905  LCD_sendCommand               
00001835  LDR_Init                      
0000183d  Ldr_getValue                  
20000258  Off                           
00001685  PLL_Init                      
20000260  Period                        
20000250  Priority                      
000018af  ResetISR                      
20000230  Rise                          
00000c5b  Speed                         
00001609  SysTick_Handler               
00001661  SysTick_SetCallBack           
00001619  SysTick_Start                 
00001659  SysTick_Stop                  
0000136f  Systick_Handler               
20000200  TASKS                         
00000f65  Triger                        
000011df  UltraSonic_t                  
00000ed9  Ultrasonic_INIT               
20000200  __STACK_END                   
00000200  __STACK_SIZE                  
20000200  __STACK_TOP                   
00001970  __TI_CINIT_Base               
00001980  __TI_CINIT_Limit              
0000195c  __TI_Handler_Table_Base       
00001968  __TI_Handler_Table_Limit      
000017bd  __TI_auto_init_nobinit_nopinit
00001701  __TI_decompress_lzss          
000018a1  __TI_decompress_none          
ffffffff  __TI_pprof_out_hndl           
ffffffff  __TI_prof_data_size           
ffffffff  __TI_prof_data_start          
00000000  __TI_static_base__            
00001885  __TI_zero_init_nomemset       
0000156d  __aeabi_memcpy                
0000156d  __aeabi_memcpy4               
0000156d  __aeabi_memcpy8               
ffffffff  __binit__                     
ffffffff  __c_args__                    
UNDEFED   __mpu_init                    
20000000  __stack                       
20000000  __start___llvm_prf_cnts       
20000000  __stop___llvm_prf_cnts        
00001801  _c_int00_noargs               
00000e5d  _delay_ms                     
00000e9f  _delay_us                     
UNDEFED   _system_post_cinit            
000018bb  _system_pre_init              
000018bf  abort                         
ffffffff  binit                         
0000128b  create_task                   
00000cbb  current_direction             
000007a1  delay                         
000010a9  delay2                        
20000234  distance                      
20000257  flagB                         
20000256  flagG                         
20000255  flagR                         
00000000  g_pfnVectors                  
0000113d  getDifferenceValue            
000007cf  integer_to_string             
000010d9  ldr_swing_car                 
000010d1  ldr_swing_car_init            
00001787  main                          
0000156d  memcpy                        
00000ba1  motor_initialisation          
20000259  off_flag                      
00001281  sheduler_init                 
2000025a  start_state                   
2000025b  stop_state                    
000012b7  tasks_scheduler               


GLOBAL SYMBOLS: SORTED BY Symbol Address 

address   name                          
-------   ----                          
00000000  __TI_static_base__            
00000000  g_pfnVectors                  
00000200  __STACK_SIZE                  
0000026d  GPIO_Init                     
0000066d  GPIO_SetPinValue              
000006c7  GPIO_SetPortValue             
00000703  GPIO_GetPinValue              
00000761  GPIO_GetPortValue             
000007a1  delay                         
000007cf  integer_to_string             
00000895  LCD_init                      
00000905  LCD_sendCommand               
000009cf  LCD_displayCharacter          
00000a99  LCD_displayString             
00000ae9  LCD_moveCursor                
00000b4d  LCD_displayStringRowColumn    
00000b6d  LCD_intgerToString            
00000b87  LCD_clearScreen               
00000ba1  motor_initialisation          
00000c5b  Speed                         
00000cbb  current_direction             
00000e5d  _delay_ms                     
00000e9f  _delay_us                     
00000ed9  Ultrasonic_INIT               
00000f65  Triger                        
00000f93  Get_Distance                  
000010a9  delay2                        
000010d1  ldr_swing_car_init            
000010d9  ldr_swing_car                 
0000113d  getDifferenceValue            
00001145  LCD_Show_T                    
00001187  LCD_Show_Dir                  
000011df  UltraSonic_t                  
00001281  sheduler_init                 
0000128b  create_task                   
000012b7  tasks_scheduler               
0000136f  Systick_Handler               
00001425  ADC_Init                      
000014bf  ADC_getValue                  
0000156d  __aeabi_memcpy                
0000156d  __aeabi_memcpy4               
0000156d  __aeabi_memcpy8               
0000156d  memcpy                        
00001609  SysTick_Handler               
00001619  SysTick_Start                 
00001659  SysTick_Stop                  
00001661  SysTick_SetCallBack           
00001685  PLL_Init                      
00001701  __TI_decompress_lzss          
00001769  ECU_init                      
00001787  main                          
000017bd  __TI_auto_init_nobinit_nopinit
00001801  _c_int00_noargs               
00001835  LDR_Init                      
0000183d  Ldr_getValue                  
00001865  Buttons_init                  
00001885  __TI_zero_init_nomemset       
000018a1  __TI_decompress_none          
000018af  ResetISR                      
000018bb  _system_pre_init              
000018bf  C$$EXIT                       
000018bf  abort                         
0000195c  __TI_Handler_Table_Base       
00001968  __TI_Handler_Table_Limit      
00001970  __TI_CINIT_Base               
00001980  __TI_CINIT_Limit              
20000000  __stack                       
20000000  __start___llvm_prf_cnts       
20000000  __stop___llvm_prf_cnts        
20000200  TASKS                         
20000200  __STACK_END                   
20000200  __STACK_TOP                   
20000224  Difference                    
20000228  Distance                      
2000022c  Fall                          
20000230  Rise                          
20000234  distance                      
20000250  Priority                      
20000252  CountR                        
20000253  CountG                        
20000254  CountB                        
20000255  flagR                         
20000256  flagG                         
20000257  flagB                         
20000258  Off                           
20000259  off_flag                      
2000025a  start_state                   
2000025b  stop_state                    
20000260  Period                        
ffffffff  __TI_pprof_out_hndl           
ffffffff  __TI_prof_data_size           
ffffffff  __TI_prof_data_start          
ffffffff  __binit__                     
ffffffff  __c_args__                    
ffffffff  binit                         
UNDEFED   __mpu_init                    
UNDEFED   _system_post_cinit            

[97 symbols]
