******************************************************************************
                  TI ARM Linker PC v20.2.7                     
******************************************************************************
>> Linked Tue Aug 29 05:28:52 2023

OUTPUT FILE NAME:   <Timers.out>
ENTRY POINT SYMBOL: "_c_int00_noargs"  address: 00000d2d


MEMORY CONFIGURATION

         name            origin    length      used     unused   attr    fill
----------------------  --------  ---------  --------  --------  ----  --------
  FLASH                 00000000   00020000  00000e1c  0001f1e4  R  X
  SRAM                  20000000   00008000  000002a2  00007d5e  RW X


SEGMENT ALLOCATION MAP

run origin  load origin   length   init length attrs members
----------  ----------- ---------- ----------- ----- -------
00000000    00000000    00000e20   00000e20    r-x
  00000000    00000000    0000026c   0000026c    r-- .intvecs
  0000026c    0000026c    00000b58   00000b58    r-x .text
  00000dc8    00000dc8    00000058   00000058    r-- .cinit
20000000    20000000    000002a2   00000000    rw-
  20000000    20000000    00000200   00000000    rw- .stack
  20000200    20000200    00000060   00000000    rw- .bss
  20000260    20000260    00000042   00000000    rw- .data


SECTION ALLOCATION MAP

 output                                  attributes/
section   page    origin      length       input sections
--------  ----  ----------  ----------   ----------------
.intvecs   0    00000000    0000026c     
                  00000000    0000026c     tm4c123gh6pm_startup_ccs.obj (.intvecs)

.text      0    0000026c    00000b58     
                  0000026c    00000518     Timer.obj (.text)
                  00000784    00000194     Capture.obj (.text)
                  00000918    000000f0     PWM_Test.obj (.text)
                  00000a08    0000009c     rtsv7M4_T_le_v4SPD16_eabi.lib : memcpy_t2.asm.obj (.text)
                  00000aa4    00000098     periodic.obj (.text)
                  00000b3c    00000096     rtsv7M4_T_le_v4SPD16_eabi.lib : ull_div_t2.asm.obj (.text)
                  00000bd2    0000006e                                   : ll_div_t2.asm.obj (.text)
                  00000c40    00000068                                   : copy_decompress_lzss.c.obj (.text:decompress:lzss:__TI_decompress_lzss)
                  00000ca8    00000044                                   : autoinit.c.obj (.text:__TI_auto_init_nobinit_nopinit:__TI_auto_init_nobinit_nopinit)
                  00000cec    00000040     main.obj (.text)
                  00000d2c    00000034     rtsv7M4_T_le_v4SPD16_eabi.lib : boot_cortex_m.c.obj (.text:_c_int00_noargs:_c_int00_noargs)
                  00000d60    00000024     Utils.obj (.text)
                  00000d84    0000001c     rtsv7M4_T_le_v4SPD16_eabi.lib : copy_zero_init.c.obj (.text:decompress:ZI:__TI_zero_init_nomemset:__TI_zero_init_nomemset)
                  00000da0    0000000e                                   : copy_decompress_none.c.obj (.text:decompress:none:__TI_decompress_none)
                  00000dae    0000000c     tm4c123gh6pm_startup_ccs.obj (.text)
                  00000dba    00000004     rtsv7M4_T_le_v4SPD16_eabi.lib : pre_init.c.obj (.text:_system_pre_init)
                  00000dbe    00000004                                   : exit.c.obj (.text:abort:abort)
                  00000dc2    00000002                                   : div0.asm.obj (.text)

.cinit     0    00000dc8    00000058     
                  00000dc8    00000031     (.cinit..data.load) [load image, compression = lzss]
                  00000df9    00000003     --HOLE-- [fill = 0]
                  00000dfc    0000000c     (__TI_handler_table)
                  00000e08    00000008     (.cinit..bss.load) [load image, compression = zero_init]
                  00000e10    00000010     (__TI_cinit_table)

.init_array 
*          0    00000000    00000000     UNINITIALIZED

.bss       0    20000200    00000060     UNINITIALIZED
                  20000200    00000060     (.common:TimersHandler_ptr)

.data      0    20000260    00000042     UNINITIALIZED
                  20000260    00000030     Timer.obj (.data:timersArr)
                  20000290    0000000c     Capture.obj (.data)
                  2000029c    00000005     PWM_Test.obj (.data)
                  200002a1    00000001     main.obj (.data)

.stack     0    20000000    00000200     UNINITIALIZED
                  20000000    00000004     rtsv7M4_T_le_v4SPD16_eabi.lib : boot_cortex_m.c.obj (.stack)
                  20000004    000001fc     --HOLE--

__llvm_prf_cnts 
*          0    20000000    00000000     UNINITIALIZED

MODULE SUMMARY

       Module                         code   ro data   rw data
       ------                         ----   -------   -------
    .\
       Timer.obj                      1304   0         144    
       tm4c123gh6pm_startup_ccs.obj   12     620       0      
       main.obj                       64     0         1      
       Utils.obj                      36     0         0      
    +--+------------------------------+------+---------+---------+
       Total:                         1416   620       145    
                                                              
    .\APP\Capture_Test\
       Capture.obj                    404    0         12     
    +--+------------------------------+------+---------+---------+
       Total:                         404    0         12     
                                                              
    .\APP\PWM_Test\
       PWM_Test.obj                   240    0         5      
    +--+------------------------------+------+---------+---------+
       Total:                         240    0         5      
                                                              
    .\APP\Periodic_Test\
       periodic.obj                   152    0         0      
    +--+------------------------------+------+---------+---------+
       Total:                         152    0         0      
                                                              
    C:\ti\ccs1210\ccs\tools\compiler\ti-cgt-arm_20.2.7.LTS\lib\rtsv7M4_T_le_v4SPD16_eabi.lib
       memcpy_t2.asm.obj              156    0         0      
       ull_div_t2.asm.obj             150    0         0      
       ll_div_t2.asm.obj              110    0         0      
       copy_decompress_lzss.c.obj     104    0         0      
       autoinit.c.obj                 68     0         0      
       boot_cortex_m.c.obj            52     0         0      
       copy_zero_init.c.obj           28     0         0      
       copy_decompress_none.c.obj     14     0         0      
       exit.c.obj                     4      0         0      
       pre_init.c.obj                 4      0         0      
       div0.asm.obj                   2      0         0      
    +--+------------------------------+------+---------+---------+
       Total:                         692    0         0      
                                                              
       Stack:                         0      0         512    
       Linker Generated:              0      85        0      
    +--+------------------------------+------+---------+---------+
       Grand Total:                   2904   705       674    


LINKER GENERATED COPY TABLES

__TI_cinit_table @ 00000e10 records: 2, size/record: 8, table size: 16
	.data: load addr=00000dc8, load size=00000031 bytes, run addr=20000260, run size=00000042 bytes, compression=lzss
	.bss: load addr=00000e08, load size=00000008 bytes, run addr=20000200, run size=00000060 bytes, compression=zero_init


LINKER GENERATED HANDLER TABLE

__TI_handler_table @ 00000dfc records: 3, size/record: 4, table size: 12
	index: 0, handler: __TI_decompress_lzss
	index: 1, handler: __TI_decompress_none
	index: 2, handler: __TI_zero_init


GLOBAL SYMBOLS: SORTED ALPHABETICALLY BY Name 

address   name                          
-------   ----                          
00000dbf  C$$EXIT                       
00000785  Capture_TEST_Init             
00000801  Capture_TEST_Runnable         
00000919  PWM_TEST_Init                 
0000098b  PWM_TEST_Runnable             
00000aa5  Periodic_TEST_Init            
00000ae5  Periodic_TEST_Runnable        
00000daf  ResetISR                      
0000066d  Timer0AW_Handler              
0000060d  Timer0A_Handler               
000006e5  Timer0BW_Handler              
000006a9  Timer0B_Handler               
00000677  Timer1AW_Handler              
0000061d  Timer1A_Handler               
000006ef  Timer1BW_Handler              
000006b3  Timer1B_Handler               
00000681  Timer2AW_Handler              
0000062d  Timer2A_Handler               
000006f9  Timer2BW_Handler              
000006bd  Timer2B_Handler               
0000068b  Timer3AW_Handler              
0000063d  Timer3A_Handler               
00000703  Timer3BW_Handler              
000006c7  Timer3B_Handler               
00000695  Timer4AW_Handler              
0000064d  Timer4A_Handler               
0000070d  Timer4BW_Handler              
000006d1  Timer4B_Handler               
0000069f  Timer5AW_Handler              
0000065d  Timer5A_Handler               
00000717  Timer5BW_Handler              
000006db  Timer5B_Handler               
0000051f  TimerDisable                  
000004cd  TimerEnable                   
0000026d  TimerInit                     
000004a9  TimerIntClear                 
00000571  TimerIntDisable               
00000595  TimerIntEnable                
00000411  TimerLoadSet                  
0000045d  TimerMatchSet                 
000005c1  TimerSetCallBack              
20000200  TimersHandler_ptr             
20000200  __STACK_END                   
00000200  __STACK_SIZE                  
20000200  __STACK_TOP                   
00000e10  __TI_CINIT_Base               
00000e20  __TI_CINIT_Limit              
00000dfc  __TI_Handler_Table_Base       
00000e08  __TI_Handler_Table_Limit      
00000ca9  __TI_auto_init_nobinit_nopinit
00000c41  __TI_decompress_lzss          
00000da1  __TI_decompress_none          
ffffffff  __TI_pprof_out_hndl           
ffffffff  __TI_prof_data_size           
ffffffff  __TI_prof_data_start          
00000000  __TI_static_base__            
00000d85  __TI_zero_init_nomemset       
00000dc3  __aeabi_idiv0                 
00000dc3  __aeabi_ldiv0                 
00000bd3  __aeabi_ldivmod               
00000a09  __aeabi_memcpy                
00000a09  __aeabi_memcpy4               
00000a09  __aeabi_memcpy8               
00000b3d  __aeabi_uldivmod              
ffffffff  __binit__                     
ffffffff  __c_args__                    
UNDEFED   __mpu_init                    
20000000  __stack                       
20000000  __start___llvm_prf_cnts       
20000000  __stop___llvm_prf_cnts        
00000d2d  _c_int00_noargs               
UNDEFED   _system_post_cinit            
00000dbb  _system_pre_init              
00000dbf  abort                         
ffffffff  binit                         
00000d61  delay                         
20000290  first_edge                    
00000000  g_pfnVectors                  
20000294  last_edge                     
00000ced  main                          
00000a09  memcpy                        
200002a1  mode                          
20000298  period                        


GLOBAL SYMBOLS: SORTED BY Symbol Address 

address   name                          
-------   ----                          
00000000  __TI_static_base__            
00000000  g_pfnVectors                  
00000200  __STACK_SIZE                  
0000026d  TimerInit                     
00000411  TimerLoadSet                  
0000045d  TimerMatchSet                 
000004a9  TimerIntClear                 
000004cd  TimerEnable                   
0000051f  TimerDisable                  
00000571  TimerIntDisable               
00000595  TimerIntEnable                
000005c1  TimerSetCallBack              
0000060d  Timer0A_Handler               
0000061d  Timer1A_Handler               
0000062d  Timer2A_Handler               
0000063d  Timer3A_Handler               
0000064d  Timer4A_Handler               
0000065d  Timer5A_Handler               
0000066d  Timer0AW_Handler              
00000677  Timer1AW_Handler              
00000681  Timer2AW_Handler              
0000068b  Timer3AW_Handler              
00000695  Timer4AW_Handler              
0000069f  Timer5AW_Handler              
000006a9  Timer0B_Handler               
000006b3  Timer1B_Handler               
000006bd  Timer2B_Handler               
000006c7  Timer3B_Handler               
000006d1  Timer4B_Handler               
000006db  Timer5B_Handler               
000006e5  Timer0BW_Handler              
000006ef  Timer1BW_Handler              
000006f9  Timer2BW_Handler              
00000703  Timer3BW_Handler              
0000070d  Timer4BW_Handler              
00000717  Timer5BW_Handler              
00000785  Capture_TEST_Init             
00000801  Capture_TEST_Runnable         
00000919  PWM_TEST_Init                 
0000098b  PWM_TEST_Runnable             
00000a09  __aeabi_memcpy                
00000a09  __aeabi_memcpy4               
00000a09  __aeabi_memcpy8               
00000a09  memcpy                        
00000aa5  Periodic_TEST_Init            
00000ae5  Periodic_TEST_Runnable        
00000b3d  __aeabi_uldivmod              
00000bd3  __aeabi_ldivmod               
00000c41  __TI_decompress_lzss          
00000ca9  __TI_auto_init_nobinit_nopinit
00000ced  main                          
00000d2d  _c_int00_noargs               
00000d61  delay                         
00000d85  __TI_zero_init_nomemset       
00000da1  __TI_decompress_none          
00000daf  ResetISR                      
00000dbb  _system_pre_init              
00000dbf  C$$EXIT                       
00000dbf  abort                         
00000dc3  __aeabi_idiv0                 
00000dc3  __aeabi_ldiv0                 
00000dfc  __TI_Handler_Table_Base       
00000e08  __TI_Handler_Table_Limit      
00000e10  __TI_CINIT_Base               
00000e20  __TI_CINIT_Limit              
20000000  __stack                       
20000000  __start___llvm_prf_cnts       
20000000  __stop___llvm_prf_cnts        
20000200  TimersHandler_ptr             
20000200  __STACK_END                   
20000200  __STACK_TOP                   
20000290  first_edge                    
20000294  last_edge                     
20000298  period                        
200002a1  mode                          
ffffffff  __TI_pprof_out_hndl           
ffffffff  __TI_prof_data_size           
ffffffff  __TI_prof_data_start          
ffffffff  __binit__                     
ffffffff  __c_args__                    
ffffffff  binit                         
UNDEFED   __mpu_init                    
UNDEFED   _system_post_cinit            

[83 symbols]
