******************************************************************************
                  TI ARM Linker PC v20.2.7                     
******************************************************************************
>> Linked Mon Sep 11 10:14:52 2023

OUTPUT FILE NAME:   <test_lcd.out>
ENTRY POINT SYMBOL: "_c_int00_noargs"  address: 00000e01


MEMORY CONFIGURATION

         name            origin    length      used     unused   attr    fill
----------------------  --------  ---------  --------  --------  ----  --------
  FLASH                 00000000   00040000  00000eea  0003f116  R  X
  SRAM                  20000000   00008000  00000224  00007ddc  RW X


SEGMENT ALLOCATION MAP

run origin  load origin   length   init length attrs members
----------  ----------- ---------- ----------- ----- -------
00000000    00000000    00000eec   00000eec    r-x
  00000000    00000000    0000026c   0000026c    r-- .intvecs
  0000026c    0000026c    00000bf2   00000bf2    r-x .text
  00000e5e    00000e5e    00000060   00000060    r-- .const
  00000ec0    00000ec0    0000002c   0000002c    r-- .cinit
20000000    20000000    00000224   00000000    rw-
  20000000    20000000    00000200   00000000    rw- .stack
  20000200    20000200    00000024   00000000    rw- .data


SECTION ALLOCATION MAP

 output                                  attributes/
section   page    origin      length       input sections
--------  ----  ----------  ----------   ----------------
.intvecs   0    00000000    0000026c     
                  00000000    0000026c     tm4c123gh6pm_startup_ccs.obj (.intvecs)

.text      0    0000026c    00000bf2     
                  0000026c    000004d4     GPIO_Program.obj (.text)
                  00000740    000003f8     lcd.obj (.text)
                  00000b38    0000009c     rtsv7M4_T_le_v4SPD16_eabi.lib : memcpy_t2.asm.obj (.text)
                  00000bd4    00000084     Gpt.obj (.text)
                  00000c58    00000084     app.obj (.text)
                  00000cdc    00000078     Os.obj (.text)
                  00000d54    00000068     rtsv7M4_T_le_v4SPD16_eabi.lib : copy_decompress_lzss.c.obj (.text:decompress:lzss:__TI_decompress_lzss)
                  00000dbc    00000044                                   : autoinit.c.obj (.text:__TI_auto_init_nobinit_nopinit:__TI_auto_init_nobinit_nopinit)
                  00000e00    00000034                                   : boot_cortex_m.c.obj (.text:_c_int00_noargs:_c_int00_noargs)
                  00000e34    0000000e                                   : copy_decompress_none.c.obj (.text:decompress:none:__TI_decompress_none)
                  00000e42    0000000c     tm4c123gh6pm_startup_ccs.obj (.text)
                  00000e4e    00000008     main.obj (.text)
                  00000e56    00000004     rtsv7M4_T_le_v4SPD16_eabi.lib : pre_init.c.obj (.text:_system_pre_init)
                  00000e5a    00000004                                   : exit.c.obj (.text:abort:abort)

.const     0    00000e5e    00000060     
                  00000e5e    00000040     lcd.obj (.const:$P$T3$4)
                  00000e9e    00000008     app.obj (.const:$P$T0$1)
                  00000ea6    00000008     lcd.obj (.const:$P$T0$1)
                  00000eae    00000008     lcd.obj (.const:$P$T1$2)
                  00000eb6    00000008     lcd.obj (.const:$P$T2$3)

.cinit     0    00000ec0    0000002c     
                  00000ec0    0000001c     (.cinit..data.load) [load image, compression = lzss]
                  00000edc    00000008     (__TI_handler_table)
                  00000ee4    00000008     (__TI_cinit_table)

.init_array 
*          0    00000000    00000000     UNINITIALIZED

.data      0    20000200    00000024     UNINITIALIZED
                  20000200    00000018     GPIO_Program.obj (.data:reg_arr)
                  20000218    00000005     Os.obj (.data)
                  2000021d    00000002     app.obj (.data)
                  2000021f    00000001     --HOLE--
                  20000220    00000004     Gpt.obj (.data)

.stack     0    20000000    00000200     UNINITIALIZED
                  20000000    00000004     rtsv7M4_T_le_v4SPD16_eabi.lib : boot_cortex_m.c.obj (.stack)
                  20000004    000001fc     --HOLE--

__llvm_prf_cnts 
*          0    20000000    00000000     UNINITIALIZED

MODULE SUMMARY

       Module                         code   ro data   rw data
       ------                         ----   -------   -------
    .\
       GPIO_Program.obj               1236   0         24     
       lcd.obj                        1016   88        0      
       tm4c123gh6pm_startup_ccs.obj   12     620       0      
       app.obj                        132    8         2      
       Gpt.obj                        132    0         4      
       Os.obj                         120    0         5      
       main.obj                       8      0         0      
    +--+------------------------------+------+---------+---------+
       Total:                         2656   716       35     
                                                              
    C:\ti\ccs1210\ccs\tools\compiler\ti-cgt-arm_20.2.7.LTS\lib\rtsv7M4_T_le_v4SPD16_eabi.lib
       memcpy_t2.asm.obj              156    0         0      
       copy_decompress_lzss.c.obj     104    0         0      
       autoinit.c.obj                 68     0         0      
       boot_cortex_m.c.obj            52     0         0      
       copy_decompress_none.c.obj     14     0         0      
       exit.c.obj                     4      0         0      
       pre_init.c.obj                 4      0         0      
    +--+------------------------------+------+---------+---------+
       Total:                         402    0         0      
                                                              
       Stack:                         0      0         512    
       Linker Generated:              0      44        0      
    +--+------------------------------+------+---------+---------+
       Grand Total:                   3058   760       547    


LINKER GENERATED COPY TABLES

__TI_cinit_table @ 00000ee4 records: 1, size/record: 8, table size: 8
	.data: load addr=00000ec0, load size=0000001c bytes, run addr=20000200, run size=00000024 bytes, compression=lzss


LINKER GENERATED HANDLER TABLE

__TI_handler_table @ 00000edc records: 2, size/record: 4, table size: 8
	index: 0, handler: __TI_decompress_lzss
	index: 1, handler: __TI_decompress_none


GLOBAL SYMBOLS: SORTED ALPHABETICALLY BY Name 

address   name                          
-------   ----                          
2000021e  Button_State                  
00000e5b  C$$EXIT                       
000006a5  GPIO_GetPinValue              
00000701  GPIO_GetPortValue             
0000026d  GPIO_Init                     
00000609  GPIO_SetPinValue              
00000669  GPIO_SetPortValue             
00000c9d  LCD_Refresh_t                 
00000b1d  LCD_clearScreen               
00000965  LCD_displayCharacter          
00000a2f  LCD_displayString             
00000ae3  LCD_displayStringRowColumn    
0000082b  LCD_init                      
00000b03  LCD_intgerToString            
00000a7f  LCD_moveCursor                
0000089b  LCD_sendCommand               
00000cf7  Os_NewTimerTick               
00000d07  Os_Scheduler                  
00000cdd  Os_start                      
00000c7b  Read_Button_t                 
00000e43  ResetISR                      
00000741  Sys1_delay                    
00000bd5  SysTick_Handler               
00000c33  SysTick_SetCallBack           
00000be5  SysTick_Start                 
00000c2b  SysTick_Stop                  
00000c59  System_init                   
20000200  __STACK_END                   
00000200  __STACK_SIZE                  
20000200  __STACK_TOP                   
00000ee4  __TI_CINIT_Base               
00000eec  __TI_CINIT_Limit              
00000edc  __TI_Handler_Table_Base       
00000ee4  __TI_Handler_Table_Limit      
00000dbd  __TI_auto_init_nobinit_nopinit
00000d55  __TI_decompress_lzss          
00000e35  __TI_decompress_none          
ffffffff  __TI_pprof_out_hndl           
ffffffff  __TI_prof_data_size           
ffffffff  __TI_prof_data_start          
00000000  __TI_static_base__            
00000b39  __aeabi_memcpy                
00000b39  __aeabi_memcpy4               
00000b39  __aeabi_memcpy8               
ffffffff  __binit__                     
ffffffff  __c_args__                    
UNDEFED   __mpu_init                    
20000000  __stack                       
20000000  __start___llvm_prf_cnts       
20000000  __stop___llvm_prf_cnts        
00000e01  _c_int00_noargs               
UNDEFED   _system_post_cinit            
00000e57  _system_pre_init              
00000e5b  abort                         
ffffffff  binit                         
2000021d  button_read                   
00000000  g_pfnVectors                  
00000765  integer_to_string             
00000e4f  main                          
00000b39  memcpy                        


GLOBAL SYMBOLS: SORTED BY Symbol Address 

address   name                          
-------   ----                          
00000000  __TI_static_base__            
00000000  g_pfnVectors                  
00000200  __STACK_SIZE                  
0000026d  GPIO_Init                     
00000609  GPIO_SetPinValue              
00000669  GPIO_SetPortValue             
000006a5  GPIO_GetPinValue              
00000701  GPIO_GetPortValue             
00000741  Sys1_delay                    
00000765  integer_to_string             
0000082b  LCD_init                      
0000089b  LCD_sendCommand               
00000965  LCD_displayCharacter          
00000a2f  LCD_displayString             
00000a7f  LCD_moveCursor                
00000ae3  LCD_displayStringRowColumn    
00000b03  LCD_intgerToString            
00000b1d  LCD_clearScreen               
00000b39  __aeabi_memcpy                
00000b39  __aeabi_memcpy4               
00000b39  __aeabi_memcpy8               
00000b39  memcpy                        
00000bd5  SysTick_Handler               
00000be5  SysTick_Start                 
00000c2b  SysTick_Stop                  
00000c33  SysTick_SetCallBack           
00000c59  System_init                   
00000c7b  Read_Button_t                 
00000c9d  LCD_Refresh_t                 
00000cdd  Os_start                      
00000cf7  Os_NewTimerTick               
00000d07  Os_Scheduler                  
00000d55  __TI_decompress_lzss          
00000dbd  __TI_auto_init_nobinit_nopinit
00000e01  _c_int00_noargs               
00000e35  __TI_decompress_none          
00000e43  ResetISR                      
00000e4f  main                          
00000e57  _system_pre_init              
00000e5b  C$$EXIT                       
00000e5b  abort                         
00000edc  __TI_Handler_Table_Base       
00000ee4  __TI_CINIT_Base               
00000ee4  __TI_Handler_Table_Limit      
00000eec  __TI_CINIT_Limit              
20000000  __stack                       
20000000  __start___llvm_prf_cnts       
20000000  __stop___llvm_prf_cnts        
20000200  __STACK_END                   
20000200  __STACK_TOP                   
2000021d  button_read                   
2000021e  Button_State                  
ffffffff  __TI_pprof_out_hndl           
ffffffff  __TI_prof_data_size           
ffffffff  __TI_prof_data_start          
ffffffff  __binit__                     
ffffffff  __c_args__                    
ffffffff  binit                         
UNDEFED   __mpu_init                    
UNDEFED   _system_post_cinit            

[60 symbols]
